<html>
<body>
<pre>
<h1>礦ision Build Log</h1>
<h2>Project:</h2>
E:\百度云\秉火W5500资料\W5500网络扩展板例程\13.Ping\13.Ping\Project\RVMDK（uv4）\iSO-STM32.uvproj
Project File Date:  02/11/2015

<h2>Output:</h2>
Build target 'Template'
assembling startup_stm32f10x_hd.s...
compiling core_cm3.c...
compiling system_stm32f10x.c...
compiling misc.c...
compiling stm32f10x_bkp.c...
compiling stm32f10x_exti.c...
compiling stm32f10x_flash.c...
compiling stm32f10x_gpio.c...
compiling stm32f10x_rcc.c...
compiling stm32f10x_spi.c...
compiling stm32f10x_tim.c...
compiling stm32f10x_usart.c...
compiling main.c...
compiling stm32f10x_it.c...
compiling bsp_usart1.c...
compiling bsp_led.c...
compiling bsp_i2c_ee.c...
compiling bsp_i2c_gpio.c...
compiling bsp_spi_flash.c...
compiling w5500_conf.c...
compiling w5500.c...
compiling socket.c...
compiling utility.c...
compiling bsp_TiMbase.c...
compiling ping.c...
compiling dhcp.c...
linking...
Program Size: Code=23000 RO-data=404 RW-data=208 ZI-data=2544  
FromELF: creating hex file...
"..\..\Output\Template.axf" - 0 Errors, 0 Warning(s).
