ARM Linker, 5.03 [Build 76] [MDK-ARM Standard]

==============================================================================

Section Cross References

    startup_stm32f10x_hd.o(RESET) refers to startup_stm32f10x_hd.o(STACK) for __initial_sp
    startup_stm32f10x_hd.o(RESET) refers to startup_stm32f10x_hd.o(.text) for Reset_Handler
    startup_stm32f10x_hd.o(RESET) refers to stm32f10x_it.o(.text) for NMI_Handler
    startup_stm32f10x_hd.o(.text) refers to system_stm32f10x.o(.text) for SystemInit
    startup_stm32f10x_hd.o(.text) refers to entry.o(.ARM.Collect$$$$00000000) for __main
    system_stm32f10x.o(.text) refers to system_stm32f10x.o(.data) for SystemCoreClock
    stm32f10x_bkp.o(.text) refers to stm32f10x_rcc.o(.text) for RCC_BackupResetCmd
    stm32f10x_gpio.o(.text) refers to stm32f10x_rcc.o(.text) for RCC_APB2PeriphResetCmd
    stm32f10x_rcc.o(.text) refers to stm32f10x_rcc.o(.data) for APBAHBPrescTable
    stm32f10x_spi.o(.text) refers to stm32f10x_rcc.o(.text) for RCC_APB2PeriphResetCmd
    stm32f10x_tim.o(.text) refers to stm32f10x_rcc.o(.text) for RCC_APB2PeriphResetCmd
    stm32f10x_usart.o(.text) refers to stm32f10x_rcc.o(.text) for RCC_APB2PeriphResetCmd
    main.o(.text) refers to utility.o(.text) for systick_init
    main.o(.text) refers to bsp_usart1.o(.text) for USART1_Config
    main.o(.text) refers to bsp_i2c_gpio.o(.text) for i2c_CfgGpio
    main.o(.text) refers to printf8.o(i.__0printf$8) for __2printf
    main.o(.text) refers to w5500_conf.o(.text) for gpio_for_w5500_config
    main.o(.text) refers to w5500.o(.text) for socket_buf_init
    main.o(.text) refers to ping.o(.text) for do_ping
    main.o(.text) refers to w5500.o(.data) for rxsize
    main.o(.text) refers to ping.o(.data) for req
    stm32f10x_it.o(.text) refers to stm32f10x_tim.o(.text) for TIM_GetITStatus
    stm32f10x_it.o(.text) refers to w5500_conf.o(.text) for timer2_isr
    bsp_usart1.o(.text) refers to stm32f10x_rcc.o(.text) for RCC_APB2PeriphClockCmd
    bsp_usart1.o(.text) refers to stm32f10x_gpio.o(.text) for GPIO_Init
    bsp_usart1.o(.text) refers to stm32f10x_usart.o(.text) for USART_Init
    bsp_led.o(.text) refers to stm32f10x_rcc.o(.text) for RCC_APB2PeriphClockCmd
    bsp_led.o(.text) refers to stm32f10x_gpio.o(.text) for GPIO_Init
    bsp_i2c_ee.o(.text) refers to bsp_i2c_gpio.o(.text) for i2c_CheckDevice
    bsp_i2c_ee.o(.text) refers to printf8.o(i.__0printf$8) for __2printf
    bsp_i2c_gpio.o(.text) refers to stm32f10x_rcc.o(.text) for RCC_APB2PeriphClockCmd
    bsp_i2c_gpio.o(.text) refers to stm32f10x_gpio.o(.text) for GPIO_Init
    bsp_spi_flash.o(.text) refers to stm32f10x_rcc.o(.text) for RCC_APB2PeriphClockCmd
    bsp_spi_flash.o(.text) refers to stm32f10x_gpio.o(.text) for GPIO_Init
    bsp_spi_flash.o(.text) refers to stm32f10x_spi.o(.text) for SPI_Init
    bsp_spi_flash.o(.text) refers to printf8.o(i.__0printf$8) for __2printf
    bsp_spi_flash.o(.text) refers to bsp_spi_flash.o(.data) for DeviceID
    bsp_spi_flash.o(.text) refers to bsp_spi_flash.o(.bss) for Rx_Buffer
    w5500_conf.o(.text) refers to bsp_i2c_ee.o(.text) for ee_WriteBytes
    w5500_conf.o(.text) refers to utility.o(.text) for delay_ms
    w5500_conf.o(.text) refers to printf8.o(i.__0printf$8) for __2printf
    w5500_conf.o(.text) refers to w5500.o(.text) for setSUBR
    w5500_conf.o(.text) refers to bsp_spi_flash.o(.text) for SPI_FLASH_Init
    w5500_conf.o(.text) refers to stm32f10x_rcc.o(.text) for RCC_APB2PeriphClockCmd
    w5500_conf.o(.text) refers to stm32f10x_gpio.o(.text) for GPIO_Init
    w5500_conf.o(.text) refers to bsp_timbase.o(.text) for TIM2_Configuration
    w5500_conf.o(.text) refers to w5500_conf.o(.bss) for ConfigMsg
    w5500_conf.o(.text) refers to w5500_conf.o(.data) for mac
    w5500_conf.o(.text) refers to dhcp.o(.bss) for DHCP_GET
    w5500.o(.text) refers to w5500_conf.o(.text) for IINCHIP_WRITE
    w5500.o(.text) refers to printf8.o(i.__0printf$8) for __2printf
    w5500.o(.text) refers to w5500.o(.bss) for RSIZE
    socket.o(.text) refers to w5500_conf.o(.text) for IINCHIP_WRITE
    socket.o(.text) refers to w5500.o(.text) for getSn_IR
    socket.o(.text) refers to printf8.o(i.__0printf$8) for __2printf
    socket.o(.text) refers to socket.o(.data) for local_port
    utility.o(.text) refers to memseta.o(.text) for __aeabi_memset
    utility.o(.text) refers to strstr.o(.text) for strstr
    utility.o(.text) refers to strlen.o(.text) for strlen
    utility.o(.text) refers to strncpy.o(.text) for strncpy
    utility.o(.text) refers to strcpy.o(.text) for strcpy
    utility.o(.text) refers to strtok.o(.text) for strtok
    utility.o(.text) refers to printf8.o(i.__0sprintf$8) for __2sprintf
    utility.o(.text) refers to printfa.o(i.__0printf) for __c89printf
    utility.o(.text) refers to w5500_conf.o(.text) for IINCHIP_READ
    utility.o(.text) refers to utility.o(.data) for fac_us
[...]
    printf7.o(i.__0fprintf$7) refers to printf7.o(i._printf_core) for _printf_core
    printf7.o(i.__0fprintf$7) refers to bsp_usart1.o(.text) for fputc
    printf7.o(i.__0printf$7) refers to printf7.o(i._printf_core) for _printf_core
    printf7.o(i.__0printf$7) refers to bsp_usart1.o(.text) for fputc
    printf7.o(i.__0printf$7) refers to stdout.o(.data) for __stdout
    printf7.o(i.__0snprintf$7) refers to printf7.o(i._printf_core) for _printf_core
    printf7.o(i.__0snprintf$7) refers to printf7.o(i._snputc) for _snputc
    printf7.o(i.__0sprintf$7) refers to printf7.o(i._printf_core) for _printf_core
    printf7.o(i.__0sprintf$7) refers to printf7.o(i._sputc) for _sputc
    printf7.o(i.__0vfprintf$7) refers to printf7.o(i._printf_core) for _printf_core
    printf7.o(i.__0vfprintf$7) refers to bsp_usart1.o(.text) for fputc
    printf7.o(i.__0vprintf$7) refers to printf7.o(i._printf_core) for _printf_core
    printf7.o(i.__0vprintf$7) refers to bsp_usart1.o(.text) for fputc
    printf7.o(i.__0vprintf$7) refers to stdout.o(.data) for __stdout
    printf7.o(i.__0vsnprintf$7) refers to printf7.o(i._printf_core) for _printf_core
    printf7.o(i.__0vsnprintf$7) refers to printf7.o(i._snputc) for _snputc
    printf7.o(i.__0vsprintf$7) refers to printf7.o(i._printf_core) for _printf_core
    printf7.o(i.__0vsprintf$7) refers to printf7.o(i._sputc) for _sputc
    printf7.o(i._printf_core) refers to printf7.o(i._printf_pre_padding) for _printf_pre_padding
    printf7.o(i._printf_core) refers to uldiv.o(.text) for __aeabi_uldivmod
    printf7.o(i._printf_core) refers to printf7.o(i._printf_post_padding) for _printf_post_padding
    printf8.o(i.__0fprintf$8) refers to printf8.o(i._printf_core) for _printf_core
    printf8.o(i.__0fprintf$8) refers to bsp_usart1.o(.text) for fputc
    printf8.o(i.__0printf$8) refers to printf8.o(i._printf_core) for _printf_core
    printf8.o(i.__0printf$8) refers to bsp_usart1.o(.text) for fputc
    printf8.o(i.__0printf$8) refers to stdout.o(.data) for __stdout
    printf8.o(i.__0snprintf$8) refers to printf8.o(i._printf_core) for _printf_core
    printf8.o(i.__0snprintf$8) refers to printf8.o(i._snputc) for _snputc
    printf8.o(i.__0sprintf$8) refers to printf8.o(i._printf_core) for _printf_core
    printf8.o(i.__0sprintf$8) refers to printf8.o(i._sputc) for _sputc
    printf8.o(i.__0vfprintf$8) refers to printf8.o(i._printf_core) for _printf_core
    printf8.o(i.__0vfprintf$8) refers to bsp_usart1.o(.text) for fputc
    printf8.o(i.__0vprintf$8) refers to printf8.o(i._printf_core) for _printf_core
    printf8.o(i.__0vprintf$8) refers to bsp_usart1.o(.text) for fputc
    printf8.o(i.__0vprintf$8) refers to stdout.o(.data) for __stdout
    printf8.o(i.__0vsnprintf$8) refers to printf8.o(i._printf_core) for _printf_core
    printf8.o(i.__0vsnprintf$8) refers to printf8.o(i._snputc) for _snputc
    printf8.o(i.__0vsprintf$8) refers to printf8.o(i._printf_core) for _printf_core
    printf8.o(i.__0vsprintf$8) refers to printf8.o(i._sputc) for _sputc
    printf8.o(i._printf_core) refers to printf8.o(i._printf_pre_padding) for _printf_pre_padding
    printf8.o(i._printf_core) refers to uldiv.o(.text) for __aeabi_uldivmod
    printf8.o(i._printf_core) refers to printf8.o(i._printf_post_padding) for _printf_post_padding
    printfa.o(i.__0fprintf) refers (Special) to iusefp.o(.text) for __I$use$fp
    printfa.o(i.__0fprintf) refers to printfa.o(i._printf_core) for _printf_core
    printfa.o(i.__0fprintf) refers to bsp_usart1.o(.text) for fputc
    printfa.o(i.__0printf) refers (Special) to iusefp.o(.text) for __I$use$fp
    printfa.o(i.__0printf) refers to printfa.o(i._printf_core) for _printf_core
    printfa.o(i.__0printf) refers to bsp_usart1.o(.text) for fputc
    printfa.o(i.__0printf) refers to stdout.o(.data) for __stdout
    printfa.o(i.__0snprintf) refers (Special) to iusefp.o(.text) for __I$use$fp
    printfa.o(i.__0snprintf) refers to printfa.o(i._printf_core) for _printf_core
    printfa.o(i.__0snprintf) refers to printfa.o(i._snputc) for _snputc
    printfa.o(i.__0sprintf) refers (Special) to iusefp.o(.text) for __I$use$fp
    printfa.o(i.__0sprintf) refers to printfa.o(i._printf_core) for _printf_core
    printfa.o(i.__0sprintf) refers to printfa.o(i._sputc) for _sputc
    printfa.o(i.__0vfprintf) refers (Special) to iusefp.o(.text) for __I$use$fp
    printfa.o(i.__0vfprintf) refers to printfa.o(i._printf_core) for _printf_core
    printfa.o(i.__0vfprintf) refers to bsp_usart1.o(.text) for fputc
    printfa.o(i.__0vprintf) refers (Special) to iusefp.o(.text) for __I$use$fp
    printfa.o(i.__0vprintf) refers to printfa.o(i._printf_core) for _printf_core
    printfa.o(i.__0vprintf) refers to bsp_usart1.o(.text) for fputc
    printfa.o(i.__0vprintf) refers to stdout.o(.data) for __stdout
    printfa.o(i.__0vsnprintf) refers (Special) to iusefp.o(.text) for __I$use$fp
    printfa.o(i.__0vsnprintf) refers to printfa.o(i._printf_core) for _printf_core
    printfa.o(i.__0vsnprintf) refers to printfa.o(i._snputc) for _snputc
    printfa.o(i.__0vsprintf) refers (Special) to iusefp.o(.text) for __I$use$fp
    printfa.o(i.__0vsprintf) refers to printfa.o(i._printf_core) for _printf_core
    printfa.o(i.__0vsprintf) refers to printfa.o(i._sputc) for _sputc
    printfa.o(i._fp_digits) refers (Special) to iusefp.o(.text) for __I$use$fp
    printfa.o(i._fp_digits) refers to dmul.o(.text) for __aeabi_dmul
    printfa.o(i._fp_digits) refers to ddiv.o(.text) for __aeabi_ddiv
    printfa.o(i._fp_digits) refers to cdrcmple.o(.text) for __aeabi_cdrcmple
    printfa.o(i._fp_digits) refers to dadd.o(.text) for __aeabi_dadd
    printfa.o(i._fp_digits) refers to dfixul.o(.text) for __aeabi_d2ulz
    printfa.o(i._fp_digits) refers to uldiv.o(.text) for __aeabi_uldivmod
    printfa.o(i._printf_core) refers (Special) to iusefp.o(.text) for __I$use$fp
    printfa.o(i._printf_core) refers to printfa.o(i._printf_pre_padding) for _printf_pre_padding
    printfa.o(i._printf_core) refers to uldiv.o(.text) for __aeabi_uldivmod
    printfa.o(i._printf_core) refers to printfa.o(i._printf_post_padding) for _printf_post_padding
    printfa.o(i._printf_core) refers to printfa.o(i._fp_digits) for _fp_digits
    printfa.o(i._printf_core) refers to uidiv.o(.text) for __aeabi_uidivmod
    printfa.o(i._printf_post_padding) refers (Special) to iusefp.o(.text) for __I$use$fp
    printfa.o(i._printf_pre_padding) refers (Special) to iusefp.o(.text) for __I$use$fp
    printfa.o(i._snputc) refers (Special) to iusefp.o(.text) for __I$use$fp
    printfa.o(i._sputc) refers (Special) to iusefp.o(.text) for __I$use$fp
    entry2.o(.ARM.Collect$$$$00000001) refers to entry2.o(.ARM.Collect$$$$00002712) for __lit__00000000
    entry2.o(.ARM.Collect$$$$00002712) refers to startup_stm32f10x_hd.o(STACK) for __initial_sp
    entry2.o(__vectab_stack_and_reset_area) refers to startup_stm32f10x_hd.o(STACK) for __initial_sp
    entry2.o(__vectab_stack_and_reset_area) refers to entry.o(.ARM.Collect$$$$00000000) for __main
    entry5.o(.ARM.Collect$$$$00000004) refers to init.o(.text) for __scatterload
    entry9a.o(.ARM.Collect$$$$0000000B) refers to main.o(.text) for main
    entry9b.o(.ARM.Collect$$$$0000000C) refers to main.o(.text) for main
    uldiv.o(.text) refers to llushr.o(.text) for __aeabi_llsr
    uldiv.o(.text) refers to llshl.o(.text) for __aeabi_llsl
    dadd.o(.text) refers to llshl.o(.text) for __aeabi_llsl
    dadd.o(.text) refers to llsshr.o(.text) for __aeabi_lasr
    dadd.o(.text) refers to depilogue.o(.text) for _double_epilogue
    dmul.o(.text) refers to depilogue.o(.text) for _double_epilogue
    ddiv.o(.text) refers to depilogue.o(.text) for _double_round
    dfixul.o(.text) refers to llushr.o(.text) for __aeabi_llsr
    dfixul.o(.text) refers to llshl.o(.text) for __aeabi_llsl
    init.o(.text) refers to entry5.o(.ARM.Collect$$$$00000004) for __main_after_scatterload
    depilogue.o(.text) refers to llshl.o(.text) for __aeabi_llsl
    depilogue.o(.text) refers to llushr.o(.text) for __aeabi_llsr


==============================================================================

Removing Unused input sections from the image.

    Removing startup_stm32f10x_hd.o(HEAP), (512 bytes).
    Removing core_cm3.o(.emb_text), (32 bytes).
    Removing stm32f10x_bkp.o(.text), (196 bytes).
    Removing stm32f10x_exti.o(.text), (284 bytes).
    Removing stm32f10x_flash.o(.text), (1468 bytes).
    Removing bsp_led.o(.text), (92 bytes).
    Removing dhcp.o(.text), (3712 bytes).
    Removing dhcp.o(.conststring), (5 bytes).
    Removing dhcp.o(.data), (65 bytes).

9 unused section(s) (total 6366 bytes) removed from the image.

==============================================================================

Image Symbol Table

    Local Symbols

    Symbol Name                              Value     Ov Type        Size  Object(Section)

    ../clib/microlib/division.c              0x00000000   Number         0  uldiv.o ABSOLUTE
    ../clib/microlib/division.c              0x00000000   Number         0  uidiv.o ABSOLUTE
    ../clib/microlib/init/entry.s            0x00000000   Number         0  entry10a.o ABSOLUTE
    ../clib/microlib/init/entry.s            0x00000000   Number         0  entry9b.o ABSOLUTE
    ../clib/microlib/init/entry.s            0x00000000   Number         0  entry.o ABSOLUTE
    ../clib/microlib/init/entry.s            0x00000000   Number         0  entry5.o ABSOLUTE
    ../clib/microlib/init/entry.s            0x00000000   Number         0  entry2.o ABSOLUTE
    ../clib/microlib/init/entry.s            0x00000000   Number         0  entry7a.o ABSOLUTE
    ../clib/microlib/init/entry.s            0x00000000   Number         0  entry11b.o ABSOLUTE
    ../clib/microlib/init/entry.s            0x00000000   Number         0  entry11a.o ABSOLUTE
    ../clib/microlib/init/entry.s            0x00000000   Number         0  entry10b.o ABSOLUTE
    ../clib/microlib/init/entry.s            0x00000000   Number         0  entry7b.o ABSOLUTE
    ../clib/microlib/init/entry.s            0x00000000   Number         0  entry8a.o ABSOLUTE
    ../clib/microlib/init/entry.s            0x00000000   Number         0  entry8b.o ABSOLUTE
    ../clib/microlib/init/entry.s            0x00000000   Number         0  entry9a.o ABSOLUTE
    ../clib/microlib/longlong.c              0x00000000   Number         0  llushr.o ABSOLUTE
    ../clib/microlib/longlong.c              0x00000000   Number         0  llshl.o ABSOLUTE
    ../clib/microlib/longlong.c              0x00000000   Number         0  llsshr.o ABSOLUTE
    ../clib/microlib/printf/printf.c         0x00000000   Number         0  printf1.o ABSOLUTE
    ../clib/microlib/printf/printf.c         0x00000000   Number         0  printf6.o ABSOLUTE
    ../clib/microlib/printf/printf.c         0x00000000   Number         0  printf5.o ABSOLUTE
    ../clib/microlib/printf/printf.c         0x00000000   Number         0  printf4.o ABSOLUTE
    ../clib/microlib/printf/printf.c         0x00000000   Number         0  printf3.o ABSOLUTE
    ../clib/microlib/printf/printf.c         0x00000000   Number         0  printf2.o ABSOLUTE
    ../clib/microlib/printf/printf.c         0x00000000   Number         0  printf0.o ABSOLUTE
    ../clib/microlib/printf/printf.c         0x00000000   Number         0  printfb.o ABSOLUTE
    ../clib/microlib/printf/printf.c         0x00000000   Number         0  printf7.o ABSOLUTE
    ../clib/microlib/printf/printf.c         0x00000000   Number         0  printfa.o ABSOLUTE
    ../clib/microlib/printf/printf.c         0x00000000   Number         0  printf8.o ABSOLUTE
    ../clib/microlib/printf/stubs.s          0x00000000   Number         0  stubs.o ABSOLUTE
    ../clib/microlib/stdio/streams.c         0x00000000   Number         0  stdout.o ABSOLUTE
    ../clib/microlib/string/memcmp.c         0x00000000   Number         0  memcmp.o ABSOLUTE
    ../clib/microlib/string/memset.c         0x00000000   Number         0  memseta.o ABSOLUTE
    ../clib/microlib/string/strcpy.c         0x00000000   Number         0  strcpy.o ABSOLUTE
    ../clib/microlib/string/strlen.c         0x00000000   Number         0  strlen.o ABSOLUTE
    ../clib/microlib/string/strncpy.c        0x00000000   Number         0  strncpy.o ABSOLUTE
    ../clib/microlib/string/strstr.c         0x00000000   Number         0  strstr.o ABSOLUTE
    ../clib/microlib/string/strtok.c         0x00000000   Number         0  strtok_r.o ABSOLUTE
    ../clib/microlib/string/strtok.c         0x00000000   Number         0  strtok.o ABSOLUTE
    ../clib/microlib/stubs.s                 0x00000000   Number         0  iusefp.o ABSOLUTE
    ../fplib/microlib/fpadd.c                0x00000000   Number         0  dadd.o ABSOLUTE
    ../fplib/microlib/fpdiv.c                0x00000000   Number         0  ddiv.o ABSOLUTE
    ../fplib/microlib/fpepilogue.c           0x00000000   Number         0  depilogue.o ABSOLUTE
    ../fplib/microlib/fpfix.c                0x00000000   Number         0  dfixul.o ABSOLUTE
    ../fplib/microlib/fpmul.c                0x00000000   Number         0  dmul.o ABSOLUTE
    ..\..\Libraries\CMSIS\core_cm3.c         0x00000000   Number         0  core_cm3.o ABSOLUTE
    ..\..\Libraries\CMSIS\startup\startup_stm32f10x_hd.s 0x00000000   Number         0  startup_stm32f10x_hd.o ABSOLUTE
    ..\..\Libraries\CMSIS\system_stm32f10x.c 0x00000000   Number         0  system_stm32f10x.o ABSOLUTE
    ..\..\Libraries\FWlib\src\misc.c         0x00000000   Number         0  misc.o ABSOLUTE
    ..\..\Libraries\FWlib\src\stm32f10x_bkp.c 0x00000000   Number         0  stm32f10x_bkp.o ABSOLUTE
    ..\..\Libraries\FWlib\src\stm32f10x_exti.c 0x00000000   Number         0  stm32f10x_exti.o ABSOLUTE
    ..\..\Libraries\FWlib\src\stm32f10x_flash.c 0x00000000   Number         0  stm32f10x_flash.o ABSOLUTE
    ..\..\Libraries\FWlib\src\stm32f10x_gpio.c 0x00000000   Number         0  stm32f10x_gpio.o ABSOLUTE
    ..\..\Libraries\FWlib\src\stm32f10x_rcc.c 0x00000000   Number         0  stm32f10x_rcc.o ABSOLUTE
    ..\..\Libraries\FWlib\src\stm32f10x_spi.c 0x00000000   Number         0  stm32f10x_spi.o ABSOLUTE
    ..\..\Libraries\FWlib\src\stm32f10x_tim.c 0x00000000   Number         0  stm32f10x_tim.o ABSOLUTE
    ..\..\Libraries\FWlib\src\stm32f10x_usart.c 0x00000000   Number         0  stm32f10x_usart.o ABSOLUTE
    ..\..\User\Ethernet\Internet\dhcp.c      0x00000000   Number         0  dhcp.o ABSOLUTE
    ..\..\User\Ethernet\Internet\ping.c      0x00000000   Number         0  ping.o ABSOLUTE
    ..\..\User\Ethernet\W5500\socket.c       0x00000000   Number         0  socket.o ABSOLUTE
    ..\..\User\Ethernet\W5500\utility.c      0x00000000   Number         0  utility.o ABSOLUTE
    ..\..\User\Ethernet\W5500\w5500.c        0x00000000   Number         0  w5500.o ABSOLUTE
    ..\..\User\Ethernet\W5500\w5500_conf.c   0x00000000   Number         0  w5500_conf.o ABSOLUTE
    ..\..\User\I2C_EEPROM\bsp_i2c_ee.c       0x00000000   Number         0  bsp_i2c_ee.o ABSOLUTE
    ..\..\User\I2C_EEPROM\bsp_i2c_gpio.c     0x00000000   Number         0  bsp_i2c_gpio.o ABSOLUTE
    ..\..\User\TimBase\bsp_TiMbase.c         0x00000000   Number         0  bsp_timbase.o ABSOLUTE
    ..\..\User\led\bsp_led.c                 0x00000000   Number         0  bsp_led.o ABSOLUTE
    ..\..\User\main.c                        0x00000000   Number         0  main.o ABSOLUTE
    ..\..\User\spi\bsp_spi_flash.c           0x00000000   Number         0  bsp_spi_flash.o ABSOLUTE
    ..\..\User\stm32f10x_it.c                0x00000000   Number         0  stm32f10x_it.o ABSOLUTE
    ..\..\User\usart\bsp_usart1.c            0x00000000   Number         0  bsp_usart1.o ABSOLUTE
    ..\\..\\Libraries\\CMSIS\\core_cm3.c     0x00000000   Number         0  core_cm3.o ABSOLUTE
    cdrcmple.s                               0x00000000   Number         0  cdrcmple.o ABSOLUTE
    dc.s                                     0x00000000   Number         0  dc.o ABSOLUTE
    handlers.s                               0x00000000   Number         0  handlers.o ABSOLUTE
    init.s                                   0x00000000   Number         0  init.o ABSOLUTE
    RESET                                    0x08000000   Section      304  startup_stm32f10x_hd.o(RESET)
    .ARM.Collect$$$$00000000                 0x08000130   Section        0  entry.o(.ARM.Collect$$$$00000000)
    .ARM.Collect$$$$00000001                 0x08000130   Section        4  entry2.o(.ARM.Collect$$$$00000001)
    .ARM.Collect$$$$00000004                 0x08000134   Section        4  entry5.o(.ARM.Collect$$$$00000004)
    .ARM.Collect$$$$00000008                 0x08000138   Section        0  entry7b.o(.ARM.Collect$$$$00000008)
    .ARM.Collect$$$$0000000A                 0x08000138   Section        0  entry8b.o(.ARM.Collect$$$$0000000A)
    .ARM.Collect$$$$0000000B                 0x08000138   Section        8  entry9a.o(.ARM.Collect$$$$0000000B)
    .ARM.Collect$$$$0000000D                 0x08000140   Section        0  entry10a.o(.ARM.Collect$$$$0000000D)
    .ARM.Collect$$$$0000000F                 0x08000140   Section        0  entry11a.o(.ARM.Collect$$$$0000000F)
    .ARM.Collect$$$$00002712                 0x08000140   Section        4  entry2.o(.ARM.Collect$$$$00002712)
    __lit__00000000                          0x08000140   Data           4  entry2.o(.ARM.Collect$$$$00002712)
    .text                                    0x08000144   Section       36  startup_stm32f10x_hd.o(.text)
    .text                                    0x08000168   Section        0  system_stm32f10x.o(.text)
    SetSysClockTo72                          0x08000169   Thumb Code   212  system_stm32f10x.o(.text)
    SetSysClock                              0x0800023d   Thumb Code     8  system_stm32f10x.o(.text)
    .text                                    0x08000344   Section        0  misc.o(.text)
    .text                                    0x08000420   Section        0  stm32f10x_gpio.o(.text)
    .text                                    0x08000778   Section        0  stm32f10x_rcc.o(.text)
    .text                                    0x08000b1c   Section        0  stm32f10x_spi.o(.text)
    .text                                    0x08000e28   Section        0  stm32f10x_tim.o(.text)
    TI4_Config                               0x080012cf   Thumb Code   130  stm32f10x_tim.o(.text)
    TI3_Config                               0x08001363   Thumb Code   122  stm32f10x_tim.o(.text)
    TI2_Config                               0x080013f7   Thumb Code   130  stm32f10x_tim.o(.text)
    TI1_Config                               0x0800148b   Thumb Code   108  stm32f10x_tim.o(.text)
    .text                                    0x08001c44   Section        0  stm32f10x_usart.o(.text)
    .text                                    0x0800204c   Section        0  main.o(.text)
    .text                                    0x080020dc   Section        0  stm32f10x_it.o(.text)
    .text                                    0x08002110   Section        0  bsp_usart1.o(.text)
    .text                                    0x080021c4   Section        0  bsp_i2c_ee.o(.text)
    ee_Delay                                 0x08002301   Thumb Code    18  bsp_i2c_ee.o(.text)
    .text                                    0x080024b0   Section        0  bsp_i2c_gpio.o(.text)
    i2c_Delay                                0x080024b1   Thumb Code    14  bsp_i2c_gpio.o(.text)
    .text                                    0x0800266c   Section        0  bsp_spi_flash.o(.text)
    .text                                    0x08002d24   Section        0  w5500_conf.o(.text)
    .text                                    0x08003240   Section        0  w5500.o(.text)
    .text                                    0x08003614   Section        0  socket.o(.text)
    .text                                    0x08003ca0   Section        0  utility.o(.text)
    .text                                    0x080040ee   Section        0  bsp_timbase.o(.text)
    .text                                    0x08004168   Section        0  ping.o(.text)
    .text                                    0x08004774   Section        0  memseta.o(.text)
    .text                                    0x08004798   Section        0  strstr.o(.text)
    .text                                    0x080047bc   Section        0  strncpy.o(.text)
    .text                                    0x080047d4   Section        0  strlen.o(.text)
    .text                                    0x080047e2   Section        0  strcpy.o(.text)
    .text                                    0x080047f4   Section        0  strtok.o(.text)
    .text                                    0x08004838   Section        0  uidiv.o(.text)
    .text                                    0x08004864   Section        0  uldiv.o(.text)
    .text                                    0x080048c6   Section        0  dadd.o(.text)
    .text                                    0x080048c6   Section        0  iusefp.o(.text)
    .text                                    0x08004a14   Section        0  dmul.o(.text)
    .text                                    0x08004af8   Section        0  ddiv.o(.text)
    .text                                    0x08004bd6   Section        0  dfixul.o(.text)
    .text                                    0x08004c08   Section       40  cdrcmple.o(.text)
    .text                                    0x08004c30   Section       36  init.o(.text)
    .text                                    0x08004c54   Section        0  llshl.o(.text)
    .text                                    0x08004c72   Section        0  llushr.o(.text)
    .text                                    0x08004c92   Section        0  llsshr.o(.text)
    .text                                    0x08004cb6   Section        0  depilogue.o(.text)
    i.__0printf                              0x08004d74   Section        0  printfa.o(i.__0printf)
    i.__0printf$8                            0x08004d94   Section        0  printf8.o(i.__0printf$8)
    i.__0sprintf$8                           0x08004db4   Section        0  printf8.o(i.__0sprintf$8)
    i.__scatterload_copy                     0x08004ddc   Section       14  handlers.o(i.__scatterload_copy)
    i.__scatterload_null                     0x08004dea   Section        2  handlers.o(i.__scatterload_null)
    i.__scatterload_zeroinit                 0x08004dec   Section       14  handlers.o(i.__scatterload_zeroinit)
    i._fp_digits                             0x08004dfc   Section        0  printfa.o(i._fp_digits)
    _fp_digits                               0x08004dfd   Thumb Code   326  printfa.o(i._fp_digits)
    i._printf_core                           0x08004f58   Section        0  printf8.o(i._printf_core)
    _printf_core                             0x08004f59   Thumb Code   988  printf8.o(i._printf_core)
    i._printf_core                           0x08005360   Section        0  printfa.o(i._printf_core)
    _printf_core                             0x08005361   Thumb Code  1762  printfa.o(i._printf_core)
    i._printf_post_padding                   0x08005a50   Section        0  printf8.o(i._printf_post_padding)
    _printf_post_padding                     0x08005a51   Thumb Code    38  printf8.o(i._printf_post_padding)
    i._printf_post_padding                   0x08005a76   Section        0  printfa.o(i._printf_post_padding)
    _printf_post_padding                     0x08005a77   Thumb Code    38  printfa.o(i._printf_post_padding)
    i._printf_pre_padding                    0x08005a9c   Section        0  printf8.o(i._printf_pre_padding)
    _printf_pre_padding                      0x08005a9d   Thumb Code    48  printf8.o(i._printf_pre_padding)
    i._printf_pre_padding                    0x08005acc   Section        0  printfa.o(i._printf_pre_padding)
    _printf_pre_padding                      0x08005acd   Thumb Code    48  printfa.o(i._printf_pre_padding)
    i._sputc                                 0x08005afc   Section        0  printf8.o(i._sputc)
    _sputc                                   0x08005afd   Thumb Code    10  printf8.o(i._sputc)
    .constdata                               0x08005b08   Section       66  ping.o(.constdata)
    .data                                    0x20000000   Section       20  system_stm32f10x.o(.data)
    .data                                    0x20000014   Section       20  stm32f10x_rcc.o(.data)
    APBAHBPrescTable                         0x20000014   Data          16  stm32f10x_rcc.o(.data)
    ADCPrescTable                            0x20000024   Data           4  stm32f10x_rcc.o(.data)
    .data                                    0x20000028   Section       85  bsp_spi_flash.o(.data)
    .data                                    0x20000080   Section       41  w5500_conf.o(.data)
    .data                                    0x200000a9   Section       16  w5500.o(.data)
    .data                                    0x200000ba   Section        2  socket.o(.data)
    local_port                               0x200000ba   Data           2  socket.o(.data)
    .data                                    0x200000bc   Section        4  utility.o(.data)
    fac_us                                   0x200000bc   Data           1  utility.o(.data)
    fac_ms                                   0x200000be   Data           2  utility.o(.data)
    .data                                    0x200000c0   Section        7  ping.o(.data)
    RandomID                                 0x200000c0   Data           2  ping.o(.data)
    RandomSeqNum                             0x200000c2   Data           2  ping.o(.data)
    .data                                    0x200000c8   Section        4  strtok.o(.data)
    state                                    0x200000c8   Data           4  strtok.o(.data)
    .data                                    0x200000cc   Section        4  stdout.o(.data)
    .bss                                     0x200000d0   Section       75  bsp_spi_flash.o(.bss)
    .bss                                     0x2000011b   Section       46  w5500_conf.o(.bss)
    .bss                                     0x2000014a   Section       32  w5500.o(.bss)
    .bss                                     0x2000016a   Section       48  utility.o(.bss)
    addr_str                                 0x2000016a   Data          32  utility.o(.bss)
    addr_str                                 0x2000018a   Data          16  utility.o(.bss)
    .bss                                     0x2000019a   Section      272  ping.o(.bss)
    .bss                                     0x200002aa   Section     1046  dhcp.o(.bss)
    STACK                                    0x200006c0   Section     1024  startup_stm32f10x_hd.o(STACK)

    Global Symbols

    Symbol Name                              Value     Ov Type        Size  Object(Section)

    BuildAttributes$$THM_ISAv4$P$D$K$B$S$PE$A:L22UL41UL21$X:L11$S22US41US21$IEEE1$IW$USESV6$~STKCKD$USESV7$~SHL$OSPACE$ROPI$EBA8$MICROLIB$REQ8$PRES8$EABIv2 0x00000000   Number         0  anon$$obj.o ABSOLUTE
    __ARM_use_no_argv                        0x00000000   Number         0  main.o ABSOLUTE
    _printf_a                                0x00000000   Number         0  stubs.o ABSOLUTE
    _printf_c                                0x00000000   Number         0  stubs.o ABSOLUTE
    _printf_charcount                        0x00000000   Number         0  stubs.o ABSOLUTE
    _printf_d                                0x00000000   Number         0  stubs.o ABSOLUTE
    _printf_e                                0x00000000   Number         0  stubs.o ABSOLUTE
    _printf_f                                0x00000000   Number         0  stubs.o ABSOLUTE
    _printf_flags                            0x00000000   Number         0  stubs.o ABSOLUTE
    _printf_fp_dec                           0x00000000   Number         0  stubs.o ABSOLUTE
    _printf_fp_hex                           0x00000000   Number         0  stubs.o ABSOLUTE
    _printf_g                                0x00000000   Number         0  stubs.o ABSOLUTE
    _printf_i                                0x00000000   Number         0  stubs.o ABSOLUTE
    _printf_int_dec                          0x00000000   Number         0  stubs.o ABSOLUTE
    _printf_l                                0x00000000   Number         0  stubs.o ABSOLUTE
    _printf_lc                               0x00000000   Number         0  stubs.o ABSOLUTE
    _printf_ll                               0x00000000   Number         0  stubs.o ABSOLUTE
    _printf_lld                              0x00000000   Number         0  stubs.o ABSOLUTE
    _printf_lli                              0x00000000   Number         0  stubs.o ABSOLUTE
    _printf_llo                              0x00000000   Number         0  stubs.o ABSOLUTE
    _printf_llu                              0x00000000   Number         0  stubs.o ABSOLUTE
    _printf_llx                              0x00000000   Number         0  stubs.o ABSOLUTE
    _printf_longlong_dec                     0x00000000   Number         0  stubs.o ABSOLUTE
    _printf_longlong_hex                     0x00000000   Number         0  stubs.o ABSOLUTE
    _printf_longlong_oct                     0x00000000   Number         0  stubs.o ABSOLUTE
    _printf_ls                               0x00000000   Number         0  stubs.o ABSOLUTE
    _printf_mbtowc                           0x00000000   Number         0  stubs.o ABSOLUTE
    _printf_n                                0x00000000   Number         0  stubs.o ABSOLUTE
    _printf_o                                0x00000000   Number         0  stubs.o ABSOLUTE
    _printf_p                                0x00000000   Number         0  stubs.o ABSOLUTE
    _printf_percent                          0x00000000   Number         0  stubs.o ABSOLUTE
    _printf_pre_padding                      0x00000000   Number         0  stubs.o ABSOLUTE
    _printf_return_value                     0x00000000   Number         0  stubs.o ABSOLUTE
    _printf_s                                0x00000000   Number         0  stubs.o ABSOLUTE
    _printf_sizespec                         0x00000000   Number         0  stubs.o ABSOLUTE
    _printf_str                              0x00000000   Number         0  stubs.o ABSOLUTE
    _printf_truncate_signed                  0x00000000   Number         0  stubs.o ABSOLUTE
    _printf_truncate_unsigned                0x00000000   Number         0  stubs.o ABSOLUTE
    _printf_u                                0x00000000   Number         0  stubs.o ABSOLUTE
    _printf_wc                               0x00000000   Number         0  stubs.o ABSOLUTE
    _printf_wctomb                           0x00000000   Number         0  stubs.o ABSOLUTE
    _printf_widthprec                        0x00000000   Number         0  stubs.o ABSOLUTE
    _printf_x                                0x00000000   Number         0  stubs.o ABSOLUTE
    __cpp_initialize__aeabi_                  - Undefined Weak Reference
    __cxa_finalize                            - Undefined Weak Reference
    __decompress                              - Undefined Weak Reference
    _clock_init                               - Undefined Weak Reference
    _microlib_exit                            - Undefined Weak Reference
    __Vectors_Size                           0x00000130   Number         0  startup_stm32f10x_hd.o ABSOLUTE
    __Vectors                                0x08000000   Data           4  startup_stm32f10x_hd.o(RESET)
    __Vectors_End                            0x08000130   Data           0  startup_stm32f10x_hd.o(RESET)
    __main                                   0x08000131   Thumb Code     0  entry.o(.ARM.Collect$$$$00000000)
    _main_stk                                0x08000131   Thumb Code     0  entry2.o(.ARM.Collect$$$$00000001)
    _main_scatterload                        0x08000135   Thumb Code     0  entry5.o(.ARM.Collect$$$$00000004)
    __main_after_scatterload                 0x08000139   Thumb Code     0  entry5.o(.ARM.Collect$$$$00000004)
    _main_clock                              0x08000139   Thumb Code     0  entry7b.o(.ARM.Collect$$$$00000008)
    _main_cpp_init                           0x08000139   Thumb Code     0  entry8b.o(.ARM.Collect$$$$0000000A)
    _main_init                               0x08000139   Thumb Code     0  entry9a.o(.ARM.Collect$$$$0000000B)
    __rt_final_cpp                           0x08000141   Thumb Code     0  entry10a.o(.ARM.Collect$$$$0000000D)
    __rt_final_exit                          0x08000141   Thumb Code     0  entry11a.o(.ARM.Collect$$$$0000000F)
    Reset_Handler                            0x08000145   Thumb Code     8  startup_stm32f10x_hd.o(.text)
    ADC1_2_IRQHandler                        0x0800015f   Thumb Code     0  startup_stm32f10x_hd.o(.text)
    ADC3_IRQHandler                          0x0800015f   Thumb Code     0  startup_stm32f10x_hd.o(.text)
    CAN1_RX1_IRQHandler                      0x0800015f   Thumb Code     0  startup_stm32f10x_hd.o(.text)
    CAN1_SCE_IRQHandler                      0x0800015f   Thumb Code     0  startup_stm32f10x_hd.o(.text)
    DMA1_Channel1_IRQHandler                 0x0800015f   Thumb Code     0  startup_stm32f10x_hd.o(.text)
    DMA1_Channel2_IRQHandler                 0x0800015f   Thumb Code     0  startup_stm32f10x_hd.o(.text)
    DMA1_Channel3_IRQHandler                 0x0800015f   Thumb Code     0  startup_stm32f10x_hd.o(.text)
    DMA1_Channel4_IRQHandler                 0x0800015f   Thumb Code     0  startup_stm32f10x_hd.o(.text)
    DMA1_Channel5_IRQHandler                 0x0800015f   Thumb Code     0  startup_stm32f10x_hd.o(.text)
    DMA1_Channel6_IRQHandler                 0x0800015f   Thumb Code     0  startup_stm32f10x_hd.o(.text)
    DMA1_Channel7_IRQHandler                 0x0800015f   Thumb Code     0  startup_stm32f10x_hd.o(.text)
    DMA2_Channel1_IRQHandler                 0x0800015f   Thumb Code     0  startup_stm32f10x_hd.o(.text)
    DMA2_Channel2_IRQHandler                 0x0800015f   Thumb Code     0  startup_stm32f10x_hd.o(.text)
    DMA2_Channel3_IRQHandler                 0x0800015f   Thumb Code     0  startup_stm32f10x_hd.o(.text)
    DMA2_Channel4_5_IRQHandler               0x0800015f   Thumb Code     0  startup_stm32f10x_hd.o(.text)
    EXTI0_IRQHandler                         0x0800015f   Thumb Code     0  startup_stm32f10x_hd.o(.text)
    EXTI15_10_IRQHandler                     0x0800015f   Thumb Code     0  startup_stm32f10x_hd.o(.text)
    EXTI1_IRQHandler                         0x0800015f   Thumb Code     0  startup_stm32f10x_hd.o(.text)
    EXTI2_IRQHandler                         0x0800015f   Thumb Code     0  startup_stm32f10x_hd.o(.text)
    EXTI3_IRQHandler                         0x0800015f   Thumb Code     0  startup_stm32f10x_hd.o(.text)
    EXTI4_IRQHandler                         0x0800015f   Thumb Code     0  startup_stm32f10x_hd.o(.text)
    EXTI9_5_IRQHandler                       0x0800015f   Thumb Code     0  startup_stm32f10x_hd.o(.text)
    FLASH_IRQHandler                         0x0800015f   Thumb Code     0  startup_stm32f10x_hd.o(.text)
    FSMC_IRQHandler                          0x0800015f   Thumb Code     0  startup_stm32f10x_hd.o(.text)
    I2C1_ER_IRQHandler                       0x0800015f   Thumb Code     0  startup_stm32f10x_hd.o(.text)
    I2C1_EV_IRQHandler                       0x0800015f   Thumb Code     0  startup_stm32f10x_hd.o(.text)
    I2C2_ER_IRQHandler                       0x0800015f   Thumb Code     0  startup_stm32f10x_hd.o(.text)
    I2C2_EV_IRQHandler                       0x0800015f   Thumb Code     0  startup_stm32f10x_hd.o(.text)
    PVD_IRQHandler                           0x0800015f   Thumb Code     0  startup_stm32f10x_hd.o(.text)
    RCC_IRQHandler                           0x0800015f   Thumb Code     0  startup_stm32f10x_hd.o(.text)
    RTCAlarm_IRQHandler                      0x0800015f   Thumb Code     0  startup_stm32f10x_hd.o(.text)
    RTC_IRQHandler                           0x0800015f   Thumb Code     0  startup_stm32f10x_hd.o(.text)
    SDIO_IRQHandler                          0x0800015f   Thumb Code     0  startup_stm32f10x_hd.o(.text)
    SPI1_IRQHandler                          0x0800015f   Thumb Code     0  startup_stm32f10x_hd.o(.text)
    SPI2_IRQHandler                          0x0800015f   Thumb Code     0  startup_stm32f10x_hd.o(.text)
    SPI3_IRQHandler                          0x0800015f   Thumb Code     0  startup_stm32f10x_hd.o(.text)
    TAMPER_IRQHandler                        0x0800015f   Thumb Code     0  startup_stm32f10x_hd.o(.text)
    TIM1_BRK_IRQHandler                      0x0800015f   Thumb Code     0  startup_stm32f10x_hd.o(.text)
    TIM1_CC_IRQHandler                       0x0800015f   Thumb Code     0  startup_stm32f10x_hd.o(.text)
    TIM1_TRG_COM_IRQHandler                  0x0800015f   Thumb Code     0  startup_stm32f10x_hd.o(.text)
    TIM1_UP_IRQHandler                       0x0800015f   Thumb Code     0  startup_stm32f10x_hd.o(.text)
    TIM3_IRQHandler                          0x0800015f   Thumb Code     0  startup_stm32f10x_hd.o(.text)
    TIM4_IRQHandler                          0x0800015f   Thumb Code     0  startup_stm32f10x_hd.o(.text)
    TIM5_IRQHandler                          0x0800015f   Thumb Code     0  startup_stm32f10x_hd.o(.text)
    TIM6_IRQHandler                          0x0800015f   Thumb Code     0  startup_stm32f10x_hd.o(.text)
    TIM7_IRQHandler                          0x0800015f   Thumb Code     0  startup_stm32f10x_hd.o(.text)
    TIM8_BRK_IRQHandler                      0x0800015f   Thumb Code     0  startup_stm32f10x_hd.o(.text)
    TIM8_CC_IRQHandler                       0x0800015f   Thumb Code     0  startup_stm32f10x_hd.o(.text)
    TIM8_TRG_COM_IRQHandler                  0x0800015f   Thumb Code     0  startup_stm32f10x_hd.o(.text)
    TIM8_UP_IRQHandler                       0x0800015f   Thumb Code     0  startup_stm32f10x_hd.o(.text)
    UART4_IRQHandler                         0x0800015f   Thumb Code     0  startup_stm32f10x_hd.o(.text)
    UART5_IRQHandler                         0x0800015f   Thumb Code     0  startup_stm32f10x_hd.o(.text)
    USART1_IRQHandler                        0x0800015f   Thumb Code     0  startup_stm32f10x_hd.o(.text)
    USART2_IRQHandler                        0x0800015f   Thumb Code     0  startup_stm32f10x_hd.o(.text)
    USART3_IRQHandler                        0x0800015f   Thumb Code     0  startup_stm32f10x_hd.o(.text)
    USBWakeUp_IRQHandler                     0x0800015f   Thumb Code     0  startup_stm32f10x_hd.o(.text)
    USB_HP_CAN1_TX_IRQHandler                0x0800015f   Thumb Code     0  startup_stm32f10x_hd.o(.text)
    USB_LP_CAN1_RX0_IRQHandler               0x0800015f   Thumb Code     0  startup_stm32f10x_hd.o(.text)
    WWDG_IRQHandler                          0x0800015f   Thumb Code     0  startup_stm32f10x_hd.o(.text)
    SystemInit                               0x08000245   Thumb Code    78  system_stm32f10x.o(.text)
    SystemCoreClockUpdate                    0x08000293   Thumb Code   142  system_stm32f10x.o(.text)
    NVIC_PriorityGroupConfig                 0x08000345   Thumb Code    10  misc.o(.text)
    NVIC_Init                                0x0800034f   Thumb Code   102  misc.o(.text)
    NVIC_SetVectorTable                      0x080003b5   Thumb Code    14  misc.o(.text)
    NVIC_SystemLPConfig                      0x080003c3   Thumb Code    34  misc.o(.text)
    SysTick_CLKSourceConfig                  0x080003e5   Thumb Code    40  misc.o(.text)
    GPIO_DeInit                              0x08000421   Thumb Code   172  stm32f10x_gpio.o(.text)
    GPIO_AFIODeInit                          0x080004cd   Thumb Code    20  stm32f10x_gpio.o(.text)
    GPIO_Init                                0x080004e1   Thumb Code   274  stm32f10x_gpio.o(.text)
    GPIO_StructInit                          0x080005f3   Thumb Code    16  stm32f10x_gpio.o(.text)
    GPIO_ReadInputDataBit                    0x08000603   Thumb Code    18  stm32f10x_gpio.o(.text)
    GPIO_ReadInputData                       0x08000615   Thumb Code     8  stm32f10x_gpio.o(.text)
    GPIO_ReadOutputDataBit                   0x0800061d   Thumb Code    18  stm32f10x_gpio.o(.text)
    GPIO_ReadOutputData                      0x0800062f   Thumb Code     8  stm32f10x_gpio.o(.text)
    GPIO_SetBits                             0x08000637   Thumb Code     4  stm32f10x_gpio.o(.text)
    GPIO_ResetBits                           0x0800063b   Thumb Code     4  stm32f10x_gpio.o(.text)
    GPIO_WriteBit                            0x0800063f   Thumb Code    10  stm32f10x_gpio.o(.text)
    GPIO_Write                               0x08000649   Thumb Code     4  stm32f10x_gpio.o(.text)
    GPIO_PinLockConfig                       0x0800064d   Thumb Code    18  stm32f10x_gpio.o(.text)
    GPIO_EventOutputConfig                   0x0800065f   Thumb Code    26  stm32f10x_gpio.o(.text)
    GPIO_EventOutputCmd                      0x08000679   Thumb Code     6  stm32f10x_gpio.o(.text)
    GPIO_PinRemapConfig                      0x0800067f   Thumb Code   138  stm32f10x_gpio.o(.text)
    GPIO_EXTILineConfig                      0x08000709   Thumb Code    66  stm32f10x_gpio.o(.text)
    GPIO_ETH_MediaInterfaceConfig            0x0800074b   Thumb Code     6  stm32f10x_gpio.o(.text)
    RCC_DeInit                               0x08000779   Thumb Code    64  stm32f10x_rcc.o(.text)
    RCC_HSEConfig                            0x080007b9   Thumb Code    70  stm32f10x_rcc.o(.text)
    RCC_GetFlagStatus                        0x080007ff   Thumb Code    56  stm32f10x_rcc.o(.text)
    RCC_WaitForHSEStartUp                    0x08000837   Thumb Code    56  stm32f10x_rcc.o(.text)
    RCC_AdjustHSICalibrationValue            0x0800086f   Thumb Code    20  stm32f10x_rcc.o(.text)
    RCC_HSICmd                               0x08000883   Thumb Code     6  stm32f10x_rcc.o(.text)
    RCC_PLLConfig                            0x08000889   Thumb Code    24  stm32f10x_rcc.o(.text)
    RCC_PLLCmd                               0x080008a1   Thumb Code     6  stm32f10x_rcc.o(.text)
    RCC_SYSCLKConfig                         0x080008a7   Thumb Code    18  stm32f10x_rcc.o(.text)
    RCC_GetSYSCLKSource                      0x080008b9   Thumb Code    10  stm32f10x_rcc.o(.text)
    RCC_HCLKConfig                           0x080008c3   Thumb Code    18  stm32f10x_rcc.o(.text)
    RCC_PCLK1Config                          0x080008d5   Thumb Code    18  stm32f10x_rcc.o(.text)
    RCC_PCLK2Config                          0x080008e7   Thumb Code    20  stm32f10x_rcc.o(.text)
    RCC_ITConfig                             0x080008fb   Thumb Code    26  stm32f10x_rcc.o(.text)
    RCC_USBCLKConfig                         0x08000915   Thumb Code     6  stm32f10x_rcc.o(.text)
    RCC_ADCCLKConfig                         0x0800091b   Thumb Code    18  stm32f10x_rcc.o(.text)
    RCC_LSEConfig                            0x0800092d   Thumb Code    44  stm32f10x_rcc.o(.text)
    RCC_LSICmd                               0x08000959   Thumb Code     6  stm32f10x_rcc.o(.text)
    RCC_RTCCLKConfig                         0x0800095f   Thumb Code    12  stm32f10x_rcc.o(.text)
    RCC_RTCCLKCmd                            0x0800096b   Thumb Code     8  stm32f10x_rcc.o(.text)
    RCC_GetClocksFreq                        0x08000973   Thumb Code   192  stm32f10x_rcc.o(.text)
    RCC_AHBPeriphClockCmd                    0x08000a33   Thumb Code    26  stm32f10x_rcc.o(.text)
    RCC_APB2PeriphClockCmd                   0x08000a4d   Thumb Code    26  stm32f10x_rcc.o(.text)
    RCC_APB1PeriphClockCmd                   0x08000a67   Thumb Code    26  stm32f10x_rcc.o(.text)
    RCC_APB2PeriphResetCmd                   0x08000a81   Thumb Code    26  stm32f10x_rcc.o(.text)
    RCC_APB1PeriphResetCmd                   0x08000a9b   Thumb Code    26  stm32f10x_rcc.o(.text)
    RCC_BackupResetCmd                       0x08000ab5   Thumb Code     8  stm32f10x_rcc.o(.text)
    RCC_ClockSecuritySystemCmd               0x08000abd   Thumb Code     6  stm32f10x_rcc.o(.text)
    RCC_MCOConfig                            0x08000ac3   Thumb Code     6  stm32f10x_rcc.o(.text)
    RCC_ClearFlag                            0x08000ac9   Thumb Code    14  stm32f10x_rcc.o(.text)
    RCC_GetITStatus                          0x08000ad7   Thumb Code    20  stm32f10x_rcc.o(.text)
    RCC_ClearITPendingBit                    0x08000aeb   Thumb Code     6  stm32f10x_rcc.o(.text)
    SPI_I2S_DeInit                           0x08000b1d   Thumb Code    76  stm32f10x_spi.o(.text)
    SPI_Init                                 0x08000b69   Thumb Code    60  stm32f10x_spi.o(.text)
    I2S_Init                                 0x08000ba5   Thumb Code   226  stm32f10x_spi.o(.text)
    SPI_StructInit                           0x08000c87   Thumb Code    24  stm32f10x_spi.o(.text)
    I2S_StructInit                           0x08000c9f   Thumb Code    20  stm32f10x_spi.o(.text)
    SPI_Cmd                                  0x08000cb3   Thumb Code    24  stm32f10x_spi.o(.text)
    I2S_Cmd                                  0x08000ccb   Thumb Code    24  stm32f10x_spi.o(.text)
    SPI_I2S_ITConfig                         0x08000ce3   Thumb Code    32  stm32f10x_spi.o(.text)
    SPI_I2S_DMACmd                           0x08000d03   Thumb Code    18  stm32f10x_spi.o(.text)
    SPI_I2S_SendData                         0x08000d15   Thumb Code     4  stm32f10x_spi.o(.text)
    SPI_I2S_ReceiveData                      0x08000d19   Thumb Code     6  stm32f10x_spi.o(.text)
    SPI_NSSInternalSoftwareConfig            0x08000d1f   Thumb Code    30  stm32f10x_spi.o(.text)
    SPI_SSOutputCmd                          0x08000d3d   Thumb Code    24  stm32f10x_spi.o(.text)
    SPI_DataSizeConfig                       0x08000d55   Thumb Code    18  stm32f10x_spi.o(.text)
    SPI_TransmitCRC                          0x08000d67   Thumb Code    10  stm32f10x_spi.o(.text)
    SPI_CalculateCRC                         0x08000d71   Thumb Code    24  stm32f10x_spi.o(.text)
    SPI_GetCRC                               0x08000d89   Thumb Code    16  stm32f10x_spi.o(.text)
    SPI_GetCRCPolynomial                     0x08000d99   Thumb Code     6  stm32f10x_spi.o(.text)
    SPI_BiDirectionalLineConfig              0x08000d9f   Thumb Code    28  stm32f10x_spi.o(.text)
    SPI_I2S_GetFlagStatus                    0x08000dbb   Thumb Code    18  stm32f10x_spi.o(.text)
    SPI_I2S_ClearFlag                        0x08000dcd   Thumb Code     6  stm32f10x_spi.o(.text)
    SPI_I2S_GetITStatus                      0x08000dd3   Thumb Code    52  stm32f10x_spi.o(.text)
    SPI_I2S_ClearITPendingBit                0x08000e07   Thumb Code    20  stm32f10x_spi.o(.text)
    TIM_DeInit                               0x08000e29   Thumb Code   424  stm32f10x_tim.o(.text)
    TIM_TimeBaseInit                         0x08000fd1   Thumb Code   122  stm32f10x_tim.o(.text)
    TIM_OC1Init                              0x0800104b   Thumb Code   132  stm32f10x_tim.o(.text)
    TIM_OC2Init                              0x080010cf   Thumb Code   154  stm32f10x_tim.o(.text)
    TIM_OC3Init                              0x08001169   Thumb Code   150  stm32f10x_tim.o(.text)
    TIM_OC4Init                              0x080011ff   Thumb Code   182  stm32f10x_tim.o(.text)
    TIM_SetIC4Prescaler                      0x080012b5   Thumb Code    26  stm32f10x_tim.o(.text)
    TIM_SetIC3Prescaler                      0x08001351   Thumb Code    18  stm32f10x_tim.o(.text)
    TIM_SetIC2Prescaler                      0x080013dd   Thumb Code    26  stm32f10x_tim.o(.text)
    TIM_SetIC1Prescaler                      0x08001479   Thumb Code    18  stm32f10x_tim.o(.text)
    TIM_ICInit                               0x080014f7   Thumb Code   150  stm32f10x_tim.o(.text)
    TIM_PWMIConfig                           0x0800158d   Thumb Code   124  stm32f10x_tim.o(.text)
    TIM_BDTRConfig                           0x08001609   Thumb Code    32  stm32f10x_tim.o(.text)
    TIM_TimeBaseStructInit                   0x08001629   Thumb Code    18  stm32f10x_tim.o(.text)
    TIM_OCStructInit                         0x0800163b   Thumb Code    20  stm32f10x_tim.o(.text)
    TIM_ICStructInit                         0x0800164f   Thumb Code    18  stm32f10x_tim.o(.text)
    TIM_BDTRStructInit                       0x08001661   Thumb Code    40  stm32f10x_tim.o(.text)
    TIM_Cmd                                  0x08001689   Thumb Code    24  stm32f10x_tim.o(.text)
    TIM_CtrlPWMOutputs                       0x080016a1   Thumb Code    30  stm32f10x_tim.o(.text)
    TIM_ITConfig                             0x080016bf   Thumb Code    18  stm32f10x_tim.o(.text)
    TIM_GenerateEvent                        0x080016d1   Thumb Code     4  stm32f10x_tim.o(.text)
    TIM_DMAConfig                            0x080016d5   Thumb Code    10  stm32f10x_tim.o(.text)
    TIM_DMACmd                               0x080016df   Thumb Code    18  stm32f10x_tim.o(.text)
    TIM_InternalClockConfig                  0x080016f1   Thumb Code    12  stm32f10x_tim.o(.text)
    TIM_SelectInputTrigger                   0x080016fd   Thumb Code    18  stm32f10x_tim.o(.text)
    TIM_ITRxExternalClockConfig              0x0800170f   Thumb Code    24  stm32f10x_tim.o(.text)
    TIM_TIxExternalClockConfig               0x08001727   Thumb Code    62  stm32f10x_tim.o(.text)
    TIM_ETRConfig                            0x08001765   Thumb Code    28  stm32f10x_tim.o(.text)
    TIM_ETRClockMode1Config                  0x08001781   Thumb Code    54  stm32f10x_tim.o(.text)
    TIM_ETRClockMode2Config                  0x080017b7   Thumb Code    32  stm32f10x_tim.o(.text)
    TIM_PrescalerConfig                      0x080017d7   Thumb Code     6  stm32f10x_tim.o(.text)
    TIM_CounterModeConfig                    0x080017dd   Thumb Code    18  stm32f10x_tim.o(.text)
    TIM_EncoderInterfaceConfig               0x080017ef   Thumb Code    66  stm32f10x_tim.o(.text)
    TIM_ForcedOC1Config                      0x08001831   Thumb Code    18  stm32f10x_tim.o(.text)
    TIM_ForcedOC2Config                      0x08001843   Thumb Code    26  stm32f10x_tim.o(.text)
    TIM_ForcedOC3Config                      0x0800185d   Thumb Code    18  stm32f10x_tim.o(.text)
    TIM_ForcedOC4Config                      0x0800186f   Thumb Code    26  stm32f10x_tim.o(.text)
    TIM_ARRPreloadConfig                     0x08001889   Thumb Code    24  stm32f10x_tim.o(.text)
    TIM_SelectCOM                            0x080018a1   Thumb Code    24  stm32f10x_tim.o(.text)
    TIM_SelectCCDMA                          0x080018b9   Thumb Code    24  stm32f10x_tim.o(.text)
    TIM_CCPreloadControl                     0x080018d1   Thumb Code    24  stm32f10x_tim.o(.text)
    TIM_OC1PreloadConfig                     0x080018e9   Thumb Code    18  stm32f10x_tim.o(.text)
    TIM_OC2PreloadConfig                     0x080018fb   Thumb Code    26  stm32f10x_tim.o(.text)
    TIM_OC3PreloadConfig                     0x08001915   Thumb Code    18  stm32f10x_tim.o(.text)
    TIM_OC4PreloadConfig                     0x08001927   Thumb Code    26  stm32f10x_tim.o(.text)
    TIM_OC1FastConfig                        0x08001941   Thumb Code    18  stm32f10x_tim.o(.text)
    TIM_OC2FastConfig                        0x08001953   Thumb Code    26  stm32f10x_tim.o(.text)
    TIM_OC3FastConfig                        0x0800196d   Thumb Code    18  stm32f10x_tim.o(.text)
    TIM_OC4FastConfig                        0x0800197f   Thumb Code    26  stm32f10x_tim.o(.text)
    TIM_ClearOC1Ref                          0x08001999   Thumb Code    18  stm32f10x_tim.o(.text)
    TIM_ClearOC2Ref                          0x080019ab   Thumb Code    24  stm32f10x_tim.o(.text)
    TIM_ClearOC3Ref                          0x080019c3   Thumb Code    18  stm32f10x_tim.o(.text)
    TIM_ClearOC4Ref                          0x080019d5   Thumb Code    24  stm32f10x_tim.o(.text)
    TIM_OC1PolarityConfig                    0x080019ed   Thumb Code    18  stm32f10x_tim.o(.text)
    TIM_OC1NPolarityConfig                   0x080019ff   Thumb Code    18  stm32f10x_tim.o(.text)
    TIM_OC2PolarityConfig                    0x08001a11   Thumb Code    26  stm32f10x_tim.o(.text)
    TIM_OC2NPolarityConfig                   0x08001a2b   Thumb Code    26  stm32f10x_tim.o(.text)
    TIM_OC3PolarityConfig                    0x08001a45   Thumb Code    26  stm32f10x_tim.o(.text)
    TIM_OC3NPolarityConfig                   0x08001a5f   Thumb Code    26  stm32f10x_tim.o(.text)
    TIM_OC4PolarityConfig                    0x08001a79   Thumb Code    26  stm32f10x_tim.o(.text)
    TIM_CCxCmd                               0x08001a93   Thumb Code    30  stm32f10x_tim.o(.text)
    TIM_CCxNCmd                              0x08001ab1   Thumb Code    30  stm32f10x_tim.o(.text)
    TIM_SelectOCxM                           0x08001acf   Thumb Code    82  stm32f10x_tim.o(.text)
    TIM_UpdateDisableConfig                  0x08001b21   Thumb Code    24  stm32f10x_tim.o(.text)
    TIM_UpdateRequestConfig                  0x08001b39   Thumb Code    24  stm32f10x_tim.o(.text)
    TIM_SelectHallSensor                     0x08001b51   Thumb Code    24  stm32f10x_tim.o(.text)
    TIM_SelectOnePulseMode                   0x08001b69   Thumb Code    18  stm32f10x_tim.o(.text)
    TIM_SelectOutputTrigger                  0x08001b7b   Thumb Code    18  stm32f10x_tim.o(.text)
    TIM_SelectSlaveMode                      0x08001b8d   Thumb Code    18  stm32f10x_tim.o(.text)
    TIM_SelectMasterSlaveMode                0x08001b9f   Thumb Code    18  stm32f10x_tim.o(.text)
    TIM_SetCounter                           0x08001bb1   Thumb Code     4  stm32f10x_tim.o(.text)
    TIM_SetAutoreload                        0x08001bb5   Thumb Code     4  stm32f10x_tim.o(.text)
    TIM_SetCompare1                          0x08001bb9   Thumb Code     4  stm32f10x_tim.o(.text)
    TIM_SetCompare2                          0x08001bbd   Thumb Code     4  stm32f10x_tim.o(.text)
    TIM_SetCompare3                          0x08001bc1   Thumb Code     4  stm32f10x_tim.o(.text)
    TIM_SetCompare4                          0x08001bc5   Thumb Code     6  stm32f10x_tim.o(.text)
    TIM_SetClockDivision                     0x08001bcb   Thumb Code    18  stm32f10x_tim.o(.text)
    TIM_GetCapture1                          0x08001bdd   Thumb Code     6  stm32f10x_tim.o(.text)
    TIM_GetCapture2                          0x08001be3   Thumb Code     6  stm32f10x_tim.o(.text)
    TIM_GetCapture3                          0x08001be9   Thumb Code     6  stm32f10x_tim.o(.text)
    TIM_GetCapture4                          0x08001bef   Thumb Code     8  stm32f10x_tim.o(.text)
    TIM_GetCounter                           0x08001bf7   Thumb Code     6  stm32f10x_tim.o(.text)
    TIM_GetPrescaler                         0x08001bfd   Thumb Code     6  stm32f10x_tim.o(.text)
    TIM_GetFlagStatus                        0x08001c03   Thumb Code    18  stm32f10x_tim.o(.text)
    TIM_ClearFlag                            0x08001c15   Thumb Code     6  stm32f10x_tim.o(.text)
    TIM_GetITStatus                          0x08001c1b   Thumb Code    34  stm32f10x_tim.o(.text)
    TIM_ClearITPendingBit                    0x08001c3d   Thumb Code     6  stm32f10x_tim.o(.text)
    USART_DeInit                             0x08001c45   Thumb Code   134  stm32f10x_usart.o(.text)
    USART_Init                               0x08001ccb   Thumb Code   210  stm32f10x_usart.o(.text)
    USART_StructInit                         0x08001d9d   Thumb Code    24  stm32f10x_usart.o(.text)
    USART_ClockInit                          0x08001db5   Thumb Code    34  stm32f10x_usart.o(.text)
    USART_ClockStructInit                    0x08001dd7   Thumb Code    12  stm32f10x_usart.o(.text)
    USART_Cmd                                0x08001de3   Thumb Code    24  stm32f10x_usart.o(.text)
    USART_ITConfig                           0x08001dfb   Thumb Code    74  stm32f10x_usart.o(.text)
    USART_DMACmd                             0x08001e45   Thumb Code    18  stm32f10x_usart.o(.text)
    USART_SetAddress                         0x08001e57   Thumb Code    18  stm32f10x_usart.o(.text)
    USART_WakeUpConfig                       0x08001e69   Thumb Code    18  stm32f10x_usart.o(.text)
    USART_ReceiverWakeUpCmd                  0x08001e7b   Thumb Code    24  stm32f10x_usart.o(.text)
    USART_LINBreakDetectLengthConfig         0x08001e93   Thumb Code    18  stm32f10x_usart.o(.text)
    USART_LINCmd                             0x08001ea5   Thumb Code    24  stm32f10x_usart.o(.text)
    USART_SendData                           0x08001ebd   Thumb Code     8  stm32f10x_usart.o(.text)
    USART_ReceiveData                        0x08001ec5   Thumb Code    10  stm32f10x_usart.o(.text)
    USART_SendBreak                          0x08001ecf   Thumb Code    10  stm32f10x_usart.o(.text)
    USART_SetGuardTime                       0x08001ed9   Thumb Code    16  stm32f10x_usart.o(.text)
    USART_SetPrescaler                       0x08001ee9   Thumb Code    16  stm32f10x_usart.o(.text)
    USART_SmartCardCmd                       0x08001ef9   Thumb Code    24  stm32f10x_usart.o(.text)
    USART_SmartCardNACKCmd                   0x08001f11   Thumb Code    24  stm32f10x_usart.o(.text)
    USART_HalfDuplexCmd                      0x08001f29   Thumb Code    24  stm32f10x_usart.o(.text)
    USART_OverSampling8Cmd                   0x08001f41   Thumb Code    22  stm32f10x_usart.o(.text)
    USART_OneBitMethodCmd                    0x08001f57   Thumb Code    24  stm32f10x_usart.o(.text)
    USART_IrDAConfig                         0x08001f6f   Thumb Code    18  stm32f10x_usart.o(.text)
    USART_IrDACmd                            0x08001f81   Thumb Code    24  stm32f10x_usart.o(.text)
    USART_GetFlagStatus                      0x08001f99   Thumb Code    26  stm32f10x_usart.o(.text)
    USART_ClearFlag                          0x08001fb3   Thumb Code    18  stm32f10x_usart.o(.text)
    USART_GetITStatus                        0x08001fc5   Thumb Code    84  stm32f10x_usart.o(.text)
    USART_ClearITPendingBit                  0x08002019   Thumb Code    52  stm32f10x_usart.o(.text)
    main                                     0x0800204d   Thumb Code    76  main.o(.text)
    NMI_Handler                              0x080020dd   Thumb Code     2  stm32f10x_it.o(.text)
    HardFault_Handler                        0x080020df   Thumb Code     4  stm32f10x_it.o(.text)
    MemManage_Handler                        0x080020e3   Thumb Code     4  stm32f10x_it.o(.text)
    BusFault_Handler                         0x080020e7   Thumb Code     4  stm32f10x_it.o(.text)
    UsageFault_Handler                       0x080020eb   Thumb Code     4  stm32f10x_it.o(.text)
    SVC_Handler                              0x080020ef   Thumb Code     2  stm32f10x_it.o(.text)
    DebugMon_Handler                         0x080020f1   Thumb Code     2  stm32f10x_it.o(.text)
    PendSV_Handler                           0x080020f3   Thumb Code     2  stm32f10x_it.o(.text)
    SysTick_Handler                          0x080020f5   Thumb Code     2  stm32f10x_it.o(.text)
    TIM2_IRQHandler                          0x080020f7   Thumb Code    26  stm32f10x_it.o(.text)
    USART1_Config                            0x08002111   Thumb Code   114  bsp_usart1.o(.text)
    fputc                                    0x08002183   Thumb Code    32  bsp_usart1.o(.text)
    fgetc                                    0x080021a3   Thumb Code    26  bsp_usart1.o(.text)
    ee_CheckOk                               0x080021c5   Thumb Code    22  bsp_i2c_ee.o(.text)
    ee_ReadBytes                             0x080021db   Thumb Code   112  bsp_i2c_ee.o(.text)
    ee_WriteBytes                            0x0800224b   Thumb Code   126  bsp_i2c_ee.o(.text)
    ee_Erase                                 0x080022c9   Thumb Code    56  bsp_i2c_ee.o(.text)
    ee_Test                                  0x08002313   Thumb Code   180  bsp_i2c_ee.o(.text)
    i2c_Start                                0x080024bf   Thumb Code    42  bsp_i2c_gpio.o(.text)
    i2c_Stop                                 0x080024e9   Thumb Code    28  bsp_i2c_gpio.o(.text)
    i2c_SendByte                             0x08002505   Thumb Code    80  bsp_i2c_gpio.o(.text)
    i2c_ReadByte                             0x08002555   Thumb Code    62  bsp_i2c_gpio.o(.text)
    i2c_WaitAck                              0x08002593   Thumb Code    56  bsp_i2c_gpio.o(.text)
    i2c_Ack                                  0x080025cb   Thumb Code    44  bsp_i2c_gpio.o(.text)
    i2c_NAck                                 0x080025f7   Thumb Code    36  bsp_i2c_gpio.o(.text)
    i2c_CfgGpio                              0x0800261b   Thumb Code    44  bsp_i2c_gpio.o(.text)
    i2c_CheckDevice                          0x08002647   Thumb Code    32  bsp_i2c_gpio.o(.text)
    SPI_FLASH_Init                           0x0800266d   Thumb Code   168  bsp_spi_flash.o(.text)
    SPI_FLASH_SendByte                       0x08002715   Thumb Code    50  bsp_spi_flash.o(.text)
    SPI_FLASH_WaitForWriteEnd                0x08002747   Thumb Code    44  bsp_spi_flash.o(.text)
    SPI_FLASH_WriteEnable                    0x08002773   Thumb Code    26  bsp_spi_flash.o(.text)
    SPI_FLASH_SectorErase                    0x0800278d   Thumb Code    62  bsp_spi_flash.o(.text)
    SPI_FLASH_BulkErase                      0x080027cb   Thumb Code    34  bsp_spi_flash.o(.text)
    SPI_FLASH_PageWrite                      0x080027ed   Thumb Code    92  bsp_spi_flash.o(.text)
    SPI_FLASH_BufferWrite                    0x08002849   Thumb Code   290  bsp_spi_flash.o(.text)
    SPI_FLASH_BufferRead                     0x0800296b   Thumb Code    76  bsp_spi_flash.o(.text)
    SPI_FLASH_ReadID                         0x080029b7   Thumb Code    74  bsp_spi_flash.o(.text)
    SPI_FLASH_ReadDeviceID                   0x08002a01   Thumb Code    56  bsp_spi_flash.o(.text)
    SPI_FLASH_StartReadSequence              0x08002a39   Thumb Code    42  bsp_spi_flash.o(.text)
    SPI_FLASH_ReadByte                       0x08002a63   Thumb Code    10  bsp_spi_flash.o(.text)
    SPI_FLASH_SendHalfWord                   0x08002a6d   Thumb Code    60  bsp_spi_flash.o(.text)
    SPI_Flash_PowerDown                      0x08002aa9   Thumb Code    26  bsp_spi_flash.o(.text)
    SPI_Flash_WAKEUP                         0x08002ac3   Thumb Code    26  bsp_spi_flash.o(.text)
    Buffercmp                                0x08002add   Thumb Code    36  bsp_spi_flash.o(.text)
    SPI_Delay                                0x08002b01   Thumb Code    18  bsp_spi_flash.o(.text)
    SpiFlash_Test                            0x08002b13   Thumb Code   156  bsp_spi_flash.o(.text)
    FLASH_AutoTest                           0x08002baf   Thumb Code   102  bsp_spi_flash.o(.text)
    write_config_to_eeprom                   0x08002d25   Thumb Code    22  w5500_conf.o(.text)
    read_config_from_eeprom                  0x08002d3b   Thumb Code    20  w5500_conf.o(.text)
    set_w5500_ip                             0x08002d4f   Thumb Code   334  w5500_conf.o(.text)
    set_w5500_mac                            0x08002e9d   Thumb Code    32  w5500_conf.o(.text)
    gpio_for_w5500_config                    0x08002ebd   Thumb Code    84  w5500_conf.o(.text)
    wiz_cs                                   0x08002f11   Thumb Code    30  w5500_conf.o(.text)
    iinchip_csoff                            0x08002f2f   Thumb Code    10  w5500_conf.o(.text)
    iinchip_cson                             0x08002f39   Thumb Code    10  w5500_conf.o(.text)
    reset_w5500                              0x08002f43   Thumb Code    38  w5500_conf.o(.text)
    IINCHIP_SpiSendData                      0x08002f69   Thumb Code    12  w5500_conf.o(.text)
    IINCHIP_WRITE                            0x08002f75   Thumb Code    50  w5500_conf.o(.text)
    IINCHIP_READ                             0x08002fa7   Thumb Code    50  w5500_conf.o(.text)
    wiz_write_buf                            0x08002fd9   Thumb Code    80  w5500_conf.o(.text)
    wiz_read_buf                             0x08003029   Thumb Code    78  w5500_conf.o(.text)
    timer2_init                              0x08003077   Thumb Code    20  w5500_conf.o(.text)
    dhcp_timer_init                          0x0800308b   Thumb Code     8  w5500_conf.o(.text)
    ntp_timer_init                           0x08003093   Thumb Code     8  w5500_conf.o(.text)
    timer2_isr                               0x0800309b   Thumb Code    46  w5500_conf.o(.text)
    reboot                                   0x080030c9   Thumb Code    18  w5500_conf.o(.text)
    setMR                                    0x08003241   Thumb Code    14  w5500.o(.text)
    iinchip_init                             0x0800324f   Thumb Code    10  w5500.o(.text)
    getIINCHIP_RxMAX                         0x08003259   Thumb Code    10  w5500.o(.text)
    getIINCHIP_TxMAX                         0x08003263   Thumb Code    10  w5500.o(.text)
    setGAR                                   0x0800326d   Thumb Code    16  w5500.o(.text)
    getGAR                                   0x0800327d   Thumb Code    16  w5500.o(.text)
    setSUBR                                  0x0800328d   Thumb Code    18  w5500.o(.text)
    setSHAR                                  0x0800329f   Thumb Code    18  w5500.o(.text)
    setSIPR                                  0x080032b1   Thumb Code    18  w5500.o(.text)
    getSUBR                                  0x080032c3   Thumb Code    18  w5500.o(.text)
    getSHAR                                  0x080032d5   Thumb Code    18  w5500.o(.text)
    getSIPR                                  0x080032e7   Thumb Code    18  w5500.o(.text)
    getIR                                    0x080032f9   Thumb Code    12  w5500.o(.text)
    setRTR                                   0x08003305   Thumb Code    26  w5500.o(.text)
    setRCR                                   0x0800331f   Thumb Code    16  w5500.o(.text)
    clearIR                                  0x0800332f   Thumb Code    26  w5500.o(.text)
    setSn_MSS                                0x08003349   Thumb Code    36  w5500.o(.text)
    setSn_TTL                                0x0800336d   Thumb Code    22  w5500.o(.text)
    getSn_IR                                 0x08003383   Thumb Code    18  w5500.o(.text)
    setSn_IR                                 0x08003395   Thumb Code    22  w5500.o(.text)
    getSn_SR                                 0x080033ab   Thumb Code    18  w5500.o(.text)
    getSn_TX_FSR                             0x080033bd   Thumb Code    84  w5500.o(.text)
    getSn_RX_RSR                             0x08003411   Thumb Code    84  w5500.o(.text)
    send_data_processing                     0x08003465   Thumb Code   116  w5500.o(.text)
    recv_data_processing                     0x080034d9   Thumb Code   116  w5500.o(.text)
    socket_buf_init                          0x0800354d   Thumb Code   128  w5500.o(.text)
    close                                    0x08003615   Thumb Code    52  socket.o(.text)
    socket                                   0x08003649   Thumb Code   192  socket.o(.text)
    listen                                   0x08003709   Thumb Code    62  socket.o(.text)
    connect                                  0x08003747   Thumb Code   248  socket.o(.text)
    disconnect                               0x0800383f   Thumb Code    38  socket.o(.text)
    send                                     0x08003865   Thumb Code   216  socket.o(.text)
    recv                                     0x0800393d   Thumb Code    66  socket.o(.text)
    sendto                                   0x0800397f   Thumb Code   268  socket.o(.text)
    recvfrom                                 0x08003a8b   Thumb Code   510  socket.o(.text)
    systick_init                             0x08003ca1   Thumb Code    56  utility.o(.text)
    delay_ms                                 0x08003cd9   Thumb Code    54  utility.o(.text)
    delay_s                                  0x08003d0f   Thumb Code    22  utility.o(.text)
    delay_us                                 0x08003d25   Thumb Code    54  utility.o(.text)
    c2d                                      0x08003d5b   Thumb Code    54  utility.o(.text)
    atoi16                                   0x08003d91   Thumb Code    32  utility.o(.text)
    atoi32                                   0x08003db1   Thumb Code    32  utility.o(.text)
    itoa                                     0x08003dd1   Thumb Code    64  utility.o(.text)
    validatoi                                0x08003e11   Thumb Code    72  utility.o(.text)
    replacetochar                            0x08003e59   Thumb Code    26  utility.o(.text)
    swaps                                    0x08003e73   Thumb Code    14  utility.o(.text)
    swapl                                    0x08003e81   Thumb Code    28  utility.o(.text)
    mid                                      0x08003e9d   Thumb Code    68  utility.o(.text)
    inet_addr_                               0x08003ee1   Thumb Code    90  utility.o(.text)
    inet_ntoa                                0x08003f3b   Thumb Code    40  utility.o(.text)
    inet_ntoa_pad                            0x08003f63   Thumb Code    40  utility.o(.text)
    verify_ip_address                        0x08003f8b   Thumb Code   116  utility.o(.text)
    htons                                    0x08003fff   Thumb Code    12  utility.o(.text)
    htonl                                    0x0800400b   Thumb Code    12  utility.o(.text)
    ntohs                                    0x08004017   Thumb Code    12  utility.o(.text)
    ntohl                                    0x08004023   Thumb Code    12  utility.o(.text)
    checksum                                 0x0800402f   Thumb Code    76  utility.o(.text)
    check_dest_in_local                      0x0800407b   Thumb Code   116  utility.o(.text)
    TIM2_NVIC_Configuration                  0x080040ef   Thumb Code    42  bsp_timbase.o(.text)
    TIM2_Configuration                       0x08004119   Thumb Code    80  bsp_timbase.o(.text)
    ping_reply                               0x08004169   Thumb Code   414  ping.o(.text)
    ping_request                             0x08004307   Thumb Code   166  ping.o(.text)
    ping_auto                                0x080043ad   Thumb Code   270  ping.o(.text)
    ping_count                               0x080044bb   Thumb Code   256  ping.o(.text)
    do_ping                                  0x080045bb   Thumb Code   442  ping.o(.text)
    __aeabi_memset                           0x08004775   Thumb Code    14  memseta.o(.text)
    __aeabi_memset4                          0x08004775   Thumb Code     0  memseta.o(.text)
    __aeabi_memset8                          0x08004775   Thumb Code     0  memseta.o(.text)
    __aeabi_memclr                           0x08004783   Thumb Code     4  memseta.o(.text)
    __aeabi_memclr4                          0x08004783   Thumb Code     0  memseta.o(.text)
    __aeabi_memclr8                          0x08004783   Thumb Code     0  memseta.o(.text)
    _memset$wrapper                          0x08004787   Thumb Code    18  memseta.o(.text)
    strstr                                   0x08004799   Thumb Code    36  strstr.o(.text)
    strncpy                                  0x080047bd   Thumb Code    24  strncpy.o(.text)
    strlen                                   0x080047d5   Thumb Code    14  strlen.o(.text)
    strcpy                                   0x080047e3   Thumb Code    18  strcpy.o(.text)
    strtok                                   0x080047f5   Thumb Code    62  strtok.o(.text)
    __aeabi_uidiv                            0x08004839   Thumb Code     0  uidiv.o(.text)
    __aeabi_uidivmod                         0x08004839   Thumb Code    44  uidiv.o(.text)
    __aeabi_uldivmod                         0x08004865   Thumb Code    98  uldiv.o(.text)
    __I$use$fp                               0x080048c7   Thumb Code     0  iusefp.o(.text)
    __aeabi_dadd                             0x080048c7   Thumb Code   322  dadd.o(.text)
    __aeabi_dsub                             0x08004a09   Thumb Code     6  dadd.o(.text)
    __aeabi_drsub                            0x08004a0f   Thumb Code     6  dadd.o(.text)
    __aeabi_dmul                             0x08004a15   Thumb Code   228  dmul.o(.text)
    __aeabi_ddiv                             0x08004af9   Thumb Code   222  ddiv.o(.text)
    __aeabi_d2ulz                            0x08004bd7   Thumb Code    48  dfixul.o(.text)
    __aeabi_cdrcmple                         0x08004c09   Thumb Code    38  cdrcmple.o(.text)
    __scatterload                            0x08004c31   Thumb Code    28  init.o(.text)
    __scatterload_rt2                        0x08004c31   Thumb Code     0  init.o(.text)
    __aeabi_llsl                             0x08004c55   Thumb Code    30  llshl.o(.text)
    _ll_shift_l                              0x08004c55   Thumb Code     0  llshl.o(.text)
    __aeabi_llsr                             0x08004c73   Thumb Code    32  llushr.o(.text)
    _ll_ushift_r                             0x08004c73   Thumb Code     0  llushr.o(.text)
    __aeabi_lasr                             0x08004c93   Thumb Code    36  llsshr.o(.text)
    _ll_sshift_r                             0x08004c93   Thumb Code     0  llsshr.o(.text)
    _double_round                            0x08004cb7   Thumb Code    26  depilogue.o(.text)
    _double_epilogue                         0x08004cd1   Thumb Code   164  depilogue.o(.text)
    __0printf                                0x08004d75   Thumb Code    22  printfa.o(i.__0printf)
    __1printf                                0x08004d75   Thumb Code     0  printfa.o(i.__0printf)
    __2printf$full                           0x08004d75   Thumb Code     0  printfa.o(i.__0printf)
    __c89printf                              0x08004d75   Thumb Code     0  printfa.o(i.__0printf)
    printf                                   0x08004d75   Thumb Code     0  printfa.o(i.__0printf)
    __0printf$8                              0x08004d95   Thumb Code    22  printf8.o(i.__0printf$8)
    __1printf$8                              0x08004d95   Thumb Code     0  printf8.o(i.__0printf$8)
    __2printf                                0x08004d95   Thumb Code     0  printf8.o(i.__0printf$8)
    __0sprintf$8                             0x08004db5   Thumb Code    34  printf8.o(i.__0sprintf$8)
    __1sprintf$8                             0x08004db5   Thumb Code     0  printf8.o(i.__0sprintf$8)
    __2sprintf                               0x08004db5   Thumb Code     0  printf8.o(i.__0sprintf$8)
    __scatterload_copy                       0x08004ddd   Thumb Code    14  handlers.o(i.__scatterload_copy)
    __scatterload_null                       0x08004deb   Thumb Code     2  handlers.o(i.__scatterload_null)
    __scatterload_zeroinit                   0x08004ded   Thumb Code    14  handlers.o(i.__scatterload_zeroinit)
    Region$$Table$$Base                      0x08005b4c   Number         0  anon$$obj.o(Region$$Table)
    Region$$Table$$Limit                     0x08005b6c   Number         0  anon$$obj.o(Region$$Table)
    SystemCoreClock                          0x20000000   Data           4  system_stm32f10x.o(.data)
    AHBPrescTable                            0x20000004   Data          16  system_stm32f10x.o(.data)
    Tx_Buffer                                0x20000028   Data          76  bsp_spi_flash.o(.data)
    DeviceID                                 0x20000074   Data           4  bsp_spi_flash.o(.data)
    FlashID                                  0x20000078   Data           4  bsp_spi_flash.o(.data)
    TransferStatus1                          0x2000007c   Data           1  bsp_spi_flash.o(.data)
    mac                                      0x20000080   Data           6  w5500_conf.o(.data)
    local_ip                                 0x20000086   Data           4  w5500_conf.o(.data)
    subnet                                   0x2000008a   Data           4  w5500_conf.o(.data)
    gateway                                  0x2000008e   Data           4  w5500_conf.o(.data)
    dns_server                               0x20000092   Data           4  w5500_conf.o(.data)
    local_port                               0x20000096   Data           2  w5500_conf.o(.data)
    remote_ip                                0x20000098   Data           4  w5500_conf.o(.data)
    remote_port                              0x2000009c   Data           2  w5500_conf.o(.data)
    ip_from                                  0x2000009e   Data           1  w5500_conf.o(.data)
    dhcp_ok                                  0x2000009f   Data           1  w5500_conf.o(.data)
    ms                                       0x200000a0   Data           4  w5500_conf.o(.data)
    dhcp_time                                0x200000a4   Data           4  w5500_conf.o(.data)
    ntptimer                                 0x200000a8   Data           1  w5500_conf.o(.data)
    txsize                                   0x200000a9   Data           8  w5500.o(.data)
    rxsize                                   0x200000b1   Data           8  w5500.o(.data)
    ping_reply_received                      0x200000c4   Data           1  ping.o(.data)
    req                                      0x200000c5   Data           1  ping.o(.data)
    rep                                      0x200000c6   Data           1  ping.o(.data)
    __stdout                                 0x200000cc   Data           4  stdout.o(.data)
    Rx_Buffer                                0x200000d0   Data          75  bsp_spi_flash.o(.bss)
    ConfigMsg                                0x2000011b   Data          28  w5500_conf.o(.bss)
    EEPROM_MSG                               0x20000137   Data          18  w5500_conf.o(.bss)
    SSIZE                                    0x2000014a   Data          16  w5500.o(.bss)
    RSIZE                                    0x2000015a   Data          16  w5500.o(.bss)
    PingRequest                              0x2000019a   Data         136  ping.o(.bss)
    PingReply                                0x20000222   Data         136  ping.o(.bss)
    DHCP_GET                                 0x200002aa   Data          22  dhcp.o(.bss)
    EXTERN_DHCPBUF                           0x200002c0   Data        1024  dhcp.o(.bss)
    __initial_sp                             0x20000ac0   Data           0  startup_stm32f10x_hd.o(STACK)



==============================================================================

Memory Map of the image

  Image Entry point : 0x08000131

  Load Region LR_IROM1 (Base: 0x08000000, Size: 0x00005c3c, Max: 0x00080000, ABSOLUTE)

    Execution Region ER_IROM1 (Base: 0x08000000, Size: 0x00005b6c, Max: 0x00080000, ABSOLUTE)

    Base Addr    Size         Type   Attr      Idx    E Section Name        Object

    0x08000000   0x00000130   Data   RO            3    RESET               startup_stm32f10x_hd.o
    0x08000130   0x00000000   Code   RO          554  * .ARM.Collect$$$$00000000  mc_w.l(entry.o)
    0x08000130   0x00000004   Code   RO          836    .ARM.Collect$$$$00000001  mc_w.l(entry2.o)
    0x08000134   0x00000004   Code   RO          839    .ARM.Collect$$$$00000004  mc_w.l(entry5.o)
    0x08000138   0x00000000   Code   RO          841    .ARM.Collect$$$$00000008  mc_w.l(entry7b.o)
    0x08000138   0x00000000   Code   RO          843    .ARM.Collect$$$$0000000A  mc_w.l(entry8b.o)
    0x08000138   0x00000008   Code   RO          844    .ARM.Collect$$$$0000000B  mc_w.l(entry9a.o)
    0x08000140   0x00000000   Code   RO          846    .ARM.Collect$$$$0000000D  mc_w.l(entry10a.o)
    0x08000140   0x00000000   Code   RO          848    .ARM.Collect$$$$0000000F  mc_w.l(entry11a.o)
    0x08000140   0x00000004   Code   RO          837    .ARM.Collect$$$$00002712  mc_w.l(entry2.o)
    0x08000144   0x00000024   Code   RO            4    .text               startup_stm32f10x_hd.o
    0x08000168   0x000001dc   Code   RO           24    .text               system_stm32f10x.o
    0x08000344   0x000000dc   Code   RO          121    .text               misc.o
    0x08000420   0x00000358   Code   RO          173    .text               stm32f10x_gpio.o
    0x08000778   0x000003a4   Code   RO          185    .text               stm32f10x_rcc.o
    0x08000b1c   0x0000030c   Code   RO          199    .text               stm32f10x_spi.o
    0x08000e28   0x00000e1a   Code   RO          211    .text               stm32f10x_tim.o
    0x08001c42   0x00000002   PAD
    0x08001c44   0x00000408   Code   RO          223    .text               stm32f10x_usart.o
    0x0800204c   0x00000090   Code   RO          235    .text               main.o
    0x080020dc   0x00000034   Code   RO          290    .text               stm32f10x_it.o
    0x08002110   0x000000b4   Code   RO          309    .text               bsp_usart1.o
    0x080021c4   0x000002ec   Code   RO          333    .text               bsp_i2c_ee.o
    0x080024b0   0x000001bc   Code   RO          348    .text               bsp_i2c_gpio.o
    0x0800266c   0x000006b8   Code   RO          360    .text               bsp_spi_flash.o
    0x08002d24   0x0000051c   Code   RO          379    .text               w5500_conf.o
    0x08003240   0x000003d4   Code   RO          416    .text               w5500.o
    0x08003614   0x0000068c   Code   RO          442    .text               socket.o
    0x08003ca0   0x0000044e   Code   RO          467    .text               utility.o
    0x080040ee   0x0000007a   Code   RO          497    .text               bsp_timbase.o
    0x08004168   0x0000060c   Code   RO          509    .text               ping.o
    0x08004774   0x00000024   Code   RO          557    .text               mc_w.l(memseta.o)
    0x08004798   0x00000024   Code   RO          559    .text               mc_w.l(strstr.o)
    0x080047bc   0x00000018   Code   RO          561    .text               mc_w.l(strncpy.o)
    0x080047d4   0x0000000e   Code   RO          563    .text               mc_w.l(strlen.o)
    0x080047e2   0x00000012   Code   RO          567    .text               mc_w.l(strcpy.o)
    0x080047f4   0x00000044   Code   RO          569    .text               mc_w.l(strtok.o)
    0x08004838   0x0000002c   Code   RO          851    .text               mc_w.l(uidiv.o)
    0x08004864   0x00000062   Code   RO          853    .text               mc_w.l(uldiv.o)
    0x080048c6   0x00000000   Code   RO          855    .text               mc_w.l(iusefp.o)
    0x080048c6   0x0000014e   Code   RO          856    .text               mf_w.l(dadd.o)
    0x08004a14   0x000000e4   Code   RO          858    .text               mf_w.l(dmul.o)
    0x08004af8   0x000000de   Code   RO          860    .text               mf_w.l(ddiv.o)
    0x08004bd6   0x00000030   Code   RO          862    .text               mf_w.l(dfixul.o)
    0x08004c06   0x00000002   PAD
    0x08004c08   0x00000028   Code   RO          864    .text               mf_w.l(cdrcmple.o)
    0x08004c30   0x00000024   Code   RO          866    .text               mc_w.l(init.o)
    0x08004c54   0x0000001e   Code   RO          868    .text               mc_w.l(llshl.o)
    0x08004c72   0x00000020   Code   RO          870    .text               mc_w.l(llushr.o)
    0x08004c92   0x00000024   Code   RO          872    .text               mc_w.l(llsshr.o)
    0x08004cb6   0x000000be   Code   RO          874    .text               mf_w.l(depilogue.o)
    0x08004d74   0x00000020   Code   RO          808    i.__0printf         mc_w.l(printfa.o)
    0x08004d94   0x00000020   Code   RO          782    i.__0printf$8       mc_w.l(printf8.o)
    0x08004db4   0x00000028   Code   RO          784    i.__0sprintf$8      mc_w.l(printf8.o)
    0x08004ddc   0x0000000e   Code   RO          878    i.__scatterload_copy  mc_w.l(handlers.o)
    0x08004dea   0x00000002   Code   RO          879    i.__scatterload_null  mc_w.l(handlers.o)
    0x08004dec   0x0000000e   Code   RO          880    i.__scatterload_zeroinit  mc_w.l(handlers.o)
    0x08004dfa   0x00000002   PAD
    0x08004dfc   0x0000015c   Code   RO          815    i._fp_digits        mc_w.l(printfa.o)
    0x08004f58   0x00000408   Code   RO          789    i._printf_core      mc_w.l(printf8.o)
    0x08005360   0x000006f0   Code   RO          816    i._printf_core      mc_w.l(printfa.o)
    0x08005a50   0x00000026   Code   RO          790    i._printf_post_padding  mc_w.l(printf8.o)
    0x08005a76   0x00000026   Code   RO          817    i._printf_post_padding  mc_w.l(printfa.o)
    0x08005a9c   0x00000030   Code   RO          791    i._printf_pre_padding  mc_w.l(printf8.o)
    0x08005acc   0x00000030   Code   RO          818    i._printf_pre_padding  mc_w.l(printfa.o)
    0x08005afc   0x0000000a   Code   RO          793    i._sputc            mc_w.l(printf8.o)
    0x08005b06   0x00000002   PAD
    0x08005b08   0x00000042   Data   RO          511    .constdata          ping.o
    0x08005b4a   0x00000002   PAD
    0x08005b4c   0x00000020   Data   RO          876    Region$$Table       anon$$obj.o


    Execution Region RW_IRAM1 (Base: 0x20000000, Size: 0x00000ac0, Max: 0x00010000, ABSOLUTE)

    Base Addr    Size         Type   Attr      Idx    E Section Name        Object

    0x20000000   0x00000014   Data   RW           25    .data               system_stm32f10x.o
    0x20000014   0x00000014   Data   RW          186    .data               stm32f10x_rcc.o
    0x20000028   0x00000055   Data   RW          362    .data               bsp_spi_flash.o
    0x2000007d   0x00000003   PAD
    0x20000080   0x00000029   Data   RW          381    .data               w5500_conf.o
    0x200000a9   0x00000010   Data   RW          418    .data               w5500.o
    0x200000b9   0x00000001   PAD
    0x200000ba   0x00000002   Data   RW          443    .data               socket.o
    0x200000bc   0x00000004   Data   RW          469    .data               utility.o
    0x200000c0   0x00000007   Data   RW          512    .data               ping.o
    0x200000c7   0x00000001   PAD
    0x200000c8   0x00000004   Data   RW          570    .data               mc_w.l(strtok.o)
    0x200000cc   0x00000004   Data   RW          850    .data               mc_w.l(stdout.o)
    0x200000d0   0x0000004b   Zero   RW          361    .bss                bsp_spi_flash.o
    0x2000011b   0x0000002e   Zero   RW          380    .bss                w5500_conf.o
    0x20000149   0x00000001   PAD
    0x2000014a   0x00000020   Zero   RW          417    .bss                w5500.o
    0x2000016a   0x00000030   Zero   RW          468    .bss                utility.o
    0x2000019a   0x00000110   Zero   RW          510    .bss                ping.o
    0x200002aa   0x00000416   Zero   RW          530    .bss                dhcp.o
    0x200006c0   0x00000400   Zero   RW            1    STACK               startup_stm32f10x_hd.o


==============================================================================

Image component sizes


      Code (inc. data)   RO Data    RW Data    ZI Data      Debug   Object Name

       748        234          0          0          0       2741   bsp_i2c_ee.o
       444          6          0          0          0       2044   bsp_i2c_gpio.o
      1720        282          0         85         75       6732   bsp_spi_flash.o
       122          0          0          0          0        749   bsp_timbase.o
       180          8          0          0          0       1000   bsp_usart1.o
         0          0          0          0          0       4212   core_cm3.o
         0          0          0          0       1046       4558   dhcp.o
       144         68          0          0          0       1715   main.o
       220         20          0          0          0       1849   misc.o
      1548        416         66          7        272       3775   ping.o
      1676         48          0          2          0       4895   socket.o
        36          8        304          0       1024        844   startup_stm32f10x_hd.o
       856         40          0          0          0       5689   stm32f10x_gpio.o
        52          0          0          0          0       1418   stm32f10x_it.o
       932         44          0         20          0       8880   stm32f10x_rcc.o
       780         14          0          0          0       6578   stm32f10x_spi.o
      3610         88          0          0          0      22180   stm32f10x_tim.o
      1032         22          0          0          0       8420   stm32f10x_usart.o
       476         36          0         20          0     257363   system_stm32f10x.o
      1102         54          0          4         48       6770   utility.o
       980         72          0         16         32       5980   w5500.o
      1308        358          0         41         46       7226   w5500_conf.o

    ----------------------------------------------------------------------
     17968       1818        404        200       2544     365618   Object Totals
         0          0         32          0          0          0   (incl. Generated)
         2          0          2          5          1          0   (incl. Padding)

    ----------------------------------------------------------------------

      Code (inc. data)   RO Data    RW Data    ZI Data      Debug   Library Member Name

         0          0          0          0          0          0   entry.o
         0          0          0          0          0          0   entry10a.o
         0          0          0          0          0          0   entry11a.o
         8          4          0          0          0          0   entry2.o
         4          0          0          0          0          0   entry5.o
         0          0          0          0          0          0   entry7b.o
         0          0          0          0          0          0   entry8b.o
         8          4          0          0          0          0   entry9a.o
        30          0          0          0          0          0   handlers.o
        36          8          0          0          0         68   init.o
         0          0          0          0          0          0   iusefp.o
        30          0          0          0          0         68   llshl.o
        36          0          0          0          0         68   llsshr.o
        32          0          0          0          0         68   llushr.o
        36          0          0          0          0        108   memseta.o
      1200         60          0          0          0        504   printf8.o
      2242         90          0          0          0        444   printfa.o
         0          0          0          4          0          0   stdout.o
        18          0          0          0          0         68   strcpy.o
        14          0          0          0          0         68   strlen.o
        24          0          0          0          0         76   strncpy.o
        36          0          0          0          0         80   strstr.o
        68          6          0          4          0         80   strtok.o
        44          0          0          0          0         80   uidiv.o
        98          0          0          0          0         92   uldiv.o
        40          2          0          0          0         68   cdrcmple.o
       334          0          0          0          0        148   dadd.o
       222          0          0          0          0        100   ddiv.o
       190          0          0          0          0        176   depilogue.o
        48          0          0          0          0         68   dfixul.o
       228          0          0          0          0         96   dmul.o

    ----------------------------------------------------------------------
      5032        174          0          8          0       2528   Library Totals
         6          0          0          0          0          0   (incl. Padding)

    ----------------------------------------------------------------------

      Code (inc. data)   RO Data    RW Data    ZI Data      Debug   Library Name

      3964        172          0          8          0       1872   mc_w.l
      1062          2          0          0          0        656   mf_w.l

    ----------------------------------------------------------------------
      5032        174          0          8          0       2528   Library Totals

    ----------------------------------------------------------------------

==============================================================================


      Code (inc. data)   RO Data    RW Data    ZI Data      Debug   

     23000       1992        404        208       2544     365078   Grand Totals
     23000       1992        404        208       2544     365078   ELF Image Totals
     23000       1992        404        208          0          0   ROM Totals

==============================================================================

    Total RO  Size (Code + RO Data)                23404 (  22.86kB)
    Total RW  Size (RW Data + ZI Data)              2752 (   2.69kB)
    Total ROM Size (Code + RO Data + RW Data)      23612 (  23.06kB)

==============================================================================

